Archive member included to satisfy reference by file (symbol)

/opt/gcc-linaro-7.2.1-2017.11-x86_64_arm-eabi/arm-eabi/libc/usr/lib/libc.a(lib_a-atoi.o)
                              ./../../../build/tcc70xx/gcc/tcc70xx-freertos-debug/obj/audio_test.o (atoi)
/opt/gcc-linaro-7.2.1-2017.11-x86_64_arm-eabi/arm-eabi/libc/usr/lib/libc.a(lib_a-memcmp.o)
                              ./../../../build/tcc70xx/gcc/tcc70xx-freertos-debug/obj/FreeRTOS_ARP.o (memcmp)
/opt/gcc-linaro-7.2.1-2017.11-x86_64_arm-eabi/arm-eabi/libc/usr/lib/libc.a(lib_a-memcpy-stub.o)
                              ./../../../build/tcc70xx/gcc/tcc70xx-freertos-debug/obj/iperf_task_v3_0d.o (memcpy)
/opt/gcc-linaro-7.2.1-2017.11-x86_64_arm-eabi/arm-eabi/libc/usr/lib/libc.a(lib_a-memmove.o)
                              ./../../../build/tcc70xx/gcc/tcc70xx-freertos-debug/obj/FreeRTOS_IP.o (memmove)
/opt/gcc-linaro-7.2.1-2017.11-x86_64_arm-eabi/arm-eabi/libc/usr/lib/libc.a(lib_a-memset.o)
                              ./../../../build/tcc70xx/gcc/tcc70xx-freertos-debug/obj/console.o (memset)
/opt/gcc-linaro-7.2.1-2017.11-x86_64_arm-eabi/arm-eabi/libc/usr/lib/libc.a(lib_a-snprintf.o)
                              ./../../../build/tcc70xx/gcc/tcc70xx-freertos-debug/obj/iperf_task_v3_0d.o (snprintf)
/opt/gcc-linaro-7.2.1-2017.11-x86_64_arm-eabi/arm-eabi/libc/usr/lib/libc.a(lib_a-sprintf.o)
                              ./../../../build/tcc70xx/gcc/tcc70xx-freertos-debug/obj/iperf_task_v3_0d.o (sprintf)
/opt/gcc-linaro-7.2.1-2017.11-x86_64_arm-eabi/arm-eabi/libc/usr/lib/libc.a(lib_a-sscanf.o)
                              ./../../../build/tcc70xx/gcc/tcc70xx-freertos-debug/obj/iperf_task_v3_0d.o (sscanf)
/opt/gcc-linaro-7.2.1-2017.11-x86_64_arm-eabi/arm-eabi/libc/usr/lib/libc.a(lib_a-stdio.o)
                              /opt/gcc-linaro-7.2.1-2017.11-x86_64_arm-eabi/arm-eabi/libc/usr/lib/libc.a(lib_a-sscanf.o) (__seofread)
/opt/gcc-linaro-7.2.1-2017.11-x86_64_arm-eabi/arm-eabi/libc/usr/lib/libc.a(lib_a-strcmp.o)
                              ./../../../build/tcc70xx/gcc/tcc70xx-freertos-debug/obj/FreeRTOS_DNS.o (strcmp)
/opt/gcc-linaro-7.2.1-2017.11-x86_64_arm-eabi/arm-eabi/libc/usr/lib/libc.a(lib_a-strcpy.o)
                              ./../../../build/tcc70xx/gcc/tcc70xx-freertos-debug/obj/FreeRTOS_DNS.o (strcpy)
/opt/gcc-linaro-7.2.1-2017.11-x86_64_arm-eabi/arm-eabi/libc/usr/lib/libc.a(lib_a-strlen-stub.o)
                              ./../../../build/tcc70xx/gcc/tcc70xx-freertos-debug/obj/tasks.o (strlen)
/opt/gcc-linaro-7.2.1-2017.11-x86_64_arm-eabi/arm-eabi/libc/usr/lib/libc.a(lib_a-strncmp.o)
                              ./../../../build/tcc70xx/gcc/tcc70xx-freertos-debug/obj/iperf_task_v3_0d.o (strncmp)
/opt/gcc-linaro-7.2.1-2017.11-x86_64_arm-eabi/arm-eabi/libc/usr/lib/libc.a(lib_a-strncpy.o)
                              ./../../../build/tcc70xx/gcc/tcc70xx-freertos-debug/obj/iperf_task_v3_0d.o (strncpy)
/opt/gcc-linaro-7.2.1-2017.11-x86_64_arm-eabi/arm-eabi/libc/usr/lib/libc.a(lib_a-strnlen.o)
                              ./../../../build/tcc70xx/gcc/tcc70xx-freertos-debug/obj/sal_freertos_impl.o (strnlen)
/opt/gcc-linaro-7.2.1-2017.11-x86_64_arm-eabi/arm-eabi/libc/usr/lib/libc.a(lib_a-strtol.o)
                              /opt/gcc-linaro-7.2.1-2017.11-x86_64_arm-eabi/arm-eabi/libc/usr/lib/libc.a(lib_a-atoi.o) (_strtol_r)
/opt/gcc-linaro-7.2.1-2017.11-x86_64_arm-eabi/arm-eabi/libc/usr/lib/libc.a(lib_a-strtoul.o)
                              ./../../../build/tcc70xx/gcc/tcc70xx-freertos-debug/obj/console.o (strtoul)
/opt/gcc-linaro-7.2.1-2017.11-x86_64_arm-eabi/arm-eabi/libc/usr/lib/libc.a(lib_a-svfprintf.o)
                              /opt/gcc-linaro-7.2.1-2017.11-x86_64_arm-eabi/arm-eabi/libc/usr/lib/libc.a(lib_a-snprintf.o) (_svfprintf_r)
/opt/gcc-linaro-7.2.1-2017.11-x86_64_arm-eabi/arm-eabi/libc/usr/lib/libc.a(lib_a-svfscanf.o)
                              /opt/gcc-linaro-7.2.1-2017.11-x86_64_arm-eabi/arm-eabi/libc/usr/lib/libc.a(lib_a-sscanf.o) (__ssvfscanf_r)
/opt/gcc-linaro-7.2.1-2017.11-x86_64_arm-eabi/arm-eabi/libc/usr/lib/libc.a(lib_a-wcrtomb.o)
                              /opt/gcc-linaro-7.2.1-2017.11-x86_64_arm-eabi/arm-eabi/libc/usr/lib/libc.a(lib_a-svfprintf.o) (_wcrtomb_r)
/opt/gcc-linaro-7.2.1-2017.11-x86_64_arm-eabi/arm-eabi/libc/usr/lib/libc.a(lib_a-wcsrtombs.o)
                              /opt/gcc-linaro-7.2.1-2017.11-x86_64_arm-eabi/arm-eabi/libc/usr/lib/libc.a(lib_a-svfprintf.o) (_wcsrtombs_r)
/opt/gcc-linaro-7.2.1-2017.11-x86_64_arm-eabi/arm-eabi/libc/usr/lib/libc.a(lib_a-writer.o)
                              /opt/gcc-linaro-7.2.1-2017.11-x86_64_arm-eabi/arm-eabi/libc/usr/lib/libc.a(lib_a-stdio.o) (_write_r)
/opt/gcc-linaro-7.2.1-2017.11-x86_64_arm-eabi/arm-eabi/libc/usr/lib/libc.a(lib_a-closer.o)
                              /opt/gcc-linaro-7.2.1-2017.11-x86_64_arm-eabi/arm-eabi/libc/usr/lib/libc.a(lib_a-stdio.o) (_close_r)
[...]
Memory Configuration

Name             Origin             Length             Attributes
SRAM             0x0000000000000000 0x0000000000079980 xrw
SRAM_CODELOAD    0x0000000000078980 0x0000000000001000 xrw
SRAM_ARM_STACK   0x0000000000079980 0x0000000000000680 xrw
CAN_NC_SRAM      0x000000000007a000 0x0000000000002000 xrw
NC_SRAM          0x000000000007c000 0x0000000000004000 xrw
REMAP_FLASH      0x0000000001043000 0x0000000000200000 xr
*default*        0x0000000000000000 0xffffffffffffffff

Linker script and memory map

                0x0000000000000000                __VECTOR_START = 0x0
                0x0000000000001000                LOADCODE_SIZE = 0x1000
                0x0000000000004000                DMA_NC_SIZE = 0x4000
                0x0000000000002000                CAN_NC_SIZE = 0x2000
                0x0000000000080000                SRAM_TOTAL_SIZE = 0x80000
                0x0000000000000680                ARM_STACK_SIZE = 0x680
                0x000000000007a000                STACK_BASE_ADDR = (((__VECTOR_START + SRAM_TOTAL_SIZE) - DMA_NC_SIZE) - CAN_NC_SIZE)

.text           0x0000000001043000    0xb94c8
                0x0000000001043000                __TEXT_START__ = .
 *startup.o(.text)
 .text          0x0000000001043000      0x240 ./../../../build/tcc70xx/gcc/tcc70xx-freertos-debug/obj/startup.o
                0x0000000001043000                reset
 *(.text)
 .text          0x0000000001043240      0x4a0 ./../../../build/tcc70xx/gcc/tcc70xx-freertos-debug/obj/main.o
                0x0000000001043240                cmain
 .text          0x00000000010436e0     0x1a6c ./../../../build/tcc70xx/gcc/tcc70xx-freertos-debug/obj/can_demo.o
                0x00000000010448cc                CAN_DemoInitialize
                0x0000000001044b20                CAN_DemoTest
                0x0000000001045044                CAN_DemoCreateApp
 .text          0x000000000104514c      0x680 ./../../../build/tcc70xx/gcc/tcc70xx-freertos-debug/obj/can_vcp_ctrl.o
                0x000000000104514c                InitSensorControls
                0x000000000104554c                ControlBreadBoardSensors
 .text          0x00000000010457cc     0x3d34 ./../../../build/tcc70xx/gcc/tcc70xx-freertos-debug/obj/console.o
                0x0000000001049484                CreateConsoleTask
 .text          0x0000000001049500     0x20c0 ./../../../build/tcc70xx/gcc/tcc70xx-freertos-debug/obj/fwupdate.o
                0x0000000001049830                FWUD_Start
                0x000000000104ade0                FWUD_Sync
                0x000000000104b544                CreateFWUDTask
 .text          0x000000000104b5c0       0xa8 ./../../../build/tcc70xx/gcc/tcc70xx-freertos-debug/obj/idle.o
                0x000000000104b5ec                IDLE_CreateTask
 .text          0x000000000104b668     0x1200 ./../../../build/tcc70xx/gcc/tcc70xx-freertos-debug/obj/iperf_task_v3_0d.o
                0x000000000104b6d8                vIPerfInstall
                0x000000000104c714                vIPerfTask
 .text          0x000000000104c868      0x404 ./../../../build/tcc70xx/gcc/tcc70xx-freertos-debug/obj/spi_led.o
                0x000000000104cba0                SPILED_StatusOn
                0x000000000104cbc8                SPILED_StatusOff
                0x000000000104cbf0                SPILED_CreateAppTask
 .text          0x000000000104cc6c      0xb0c ./../../../build/tcc70xx/gcc/tcc70xx-freertos-debug/obj/audio_test.o
                0x000000000104cc6c                AUDIO_Read
                0x000000000104cce4                AUDIO_DACHwMute
                0x000000000104cd2c                AUDIO_CreateAppTask
                0x000000000104cfc0                AUDIO_Init
                0x000000000104d14c                AUDIO_SampleTest
                0x000000000104d6a8                AUDIO_TestUsage
 .text          0x000000000104d778      0x37c ./../../../build/tcc70xx/gcc/tcc70xx-freertos-debug/obj/audio_chip_veri.o
                0x000000000104d778                DR_Irq
                0x000000000104d7e8                AUDIO_LRMode_Test
                0x000000000104dacc                AUDIO_ErrorOcuur_TEST
 .text          0x000000000104daf4      0x698 ./../../../build/tcc70xx/gcc/tcc70xx-freertos-debug/obj/wm8904.o
                0x000000000104daf4                WM8904_SendCmd
                0x000000000104dc48                WM8904_ReadCmd
                0x000000000104dd90                WM8904_Initial
                0x000000000104e098                WM8904_SetVolume
 *fill*         0x000000000104e18c        0x4 
 .text          0x000000000104e190      0x6a0 ./../../../build/tcc70xx/gcc/tcc70xx-freertos-debug/obj/cpu_test.o
                0x000000000104e190                Disble_Cache
                0x000000000104e1c0                Enable_Cache
                0x000000000104e2c4                Calculate_CacheTime
                0x000000000104e3ec                Calculate_FPU
                0x000000000104e794                RemapMicomTest
 .text          0x000000000104e830      0x6dc ./../../../build/tcc70xx/gcc/tcc70xx-freertos-debug/obj/dse_test.o
                0x000000000104e898                DSE_Test_R5AccessFault
                0x000000000104eba4                DSE_Test_SoftFaultCheck
 .text          0x000000000104ef0c     0x2e88 ./../../../build/tcc70xx/gcc/tcc70xx-freertos-debug/obj/eflash_test.o
                0x000000000104fac8                EFLASHTest_ECC
                0x000000000104fd64                EFLASHTest_RESET
                0x000000000104ff00                EFLASHTest_Int_Test
                0x00000000010504b8                EFLASHTest_PflashAccessControl
                0x0000000001050754                EFLASHTest_Int_DFLASHTest
                0x0000000001051034                EFLASHTest_DflashEcc
                0x00000000010512d0                EFLASHTest_DflashAccessControl
                0x000000000105156c                EFLASHTest_flashEraseWrite
                0x0000000001051980                EFLASHTest_snorEraseWrite
 .text          0x0000000001051d94      0x6b4 ./../../../build/tcc70xx/gcc/tcc70xx-freertos-debug/obj/fmu_test.o
                0x00000000010523f4                FMU_StartFmuTest
 .text          0x0000000001052448      0x39c ./../../../build/tcc70xx/gcc/tcc70xx-freertos-debug/obj/gdma_test.o
                0x0000000001052448                GDMA_SampleForM2M
 .text          0x00000000010527e4        0x0 ./../../../build/tcc70xx/gcc/tcc70xx-freertos-debug/obj/gdma_ip_test.o
 .text          0x00000000010527e4      0x440 ./../../../build/tcc70xx/gcc/tcc70xx-freertos-debug/obj/gic_test.o
                0x00000000010528bc                GIC_Test_SmInt
                0x0000000001052a94                GIC_Test_Sgi
 .text          0x0000000001052c24     0x41a4 ./../../../build/tcc70xx/gcc/tcc70xx-freertos-debug/obj/gpio_test.o
                0x0000000001056d38                GPIO_StartGpioTest
 .text          0x0000000001056dc8     0x2234 ./../../../build/tcc70xx/gcc/tcc70xx-freertos-debug/obj/gpsb_test.o
                0x0000000001058a6c                GPSB_CreateSlaveTestTask
                0x0000000001058b10                GPSB_Test
 .text          0x0000000001058ffc     0x5f3c ./../../../build/tcc70xx/gcc/tcc70xx-freertos-debug/obj/hsm_test.o
                0x000000000105ecf0                HSM_Test
 .text          0x000000000105ef38      0x798 ./../../../build/tcc70xx/gcc/tcc70xx-freertos-debug/obj/i2c_test.o
                0x000000000105f6b0                I2C_TestMain
 .text          0x000000000105f6d0      0x838 ./../../../build/tcc70xx/gcc/tcc70xx-freertos-debug/obj/ictc_test.o
                0x000000000105fea8                ICTC_SelectTestCase
 .text          0x000000000105ff08      0xb88 ./../../../build/tcc70xx/gcc/tcc70xx-freertos-debug/obj/lin_test.o
                0x000000000105ff08                LIN_TestUsage
                0x000000000105ff78                LIN_GetDLC
                0x000000000105ffe4                LIN_UserResponse
                0x0000000001060130                LIN_CreateAppTask
                0x00000000010605a4                LIN_SampleTest
 .text          0x0000000001060a90      0x76c ./../../../build/tcc70xx/gcc/tcc70xx-freertos-debug/obj/pdm_test.o
                0x000000000106118c                PDM_SelectTestCase
 .text          0x00000000010611fc      0x8bc ./../../../build/tcc70xx/gcc/tcc70xx-freertos-debug/obj/pmu_test.o
                0x000000000106128c                PMU_TEST_FmuMonitoringTest
                0x00000000010613ec                PMU_TEST_GetRstStatus
                0x00000000010618cc                PMU_TEST_RstMonitoringTest
                0x0000000001061a44                PMU_TEST_RstReqTest
 .text          0x0000000001061ab8      0x564 ./../../../build/tcc70xx/gcc/tcc70xx-freertos-debug/obj/rtc_test.o
                0x0000000001061bbc                RTC_TEST_Time
                0x0000000001061e38                RTC_TEST_Alarm
 .text          0x000000000106201c      0x128 ./../../../build/tcc70xx/gcc/tcc70xx-freertos-debug/obj/sfmc_test.o
                0x00000000010620c0                SFMC_Test
 .text          0x0000000001062144      0x7c8 ./../../../build/tcc70xx/gcc/tcc70xx-freertos-debug/obj/echo_test.o
                0x0000000001062144                SOCKTEST_IPInit
                0x0000000001062378                SOCKTEST_EchoSend
                0x000000000106268c                SOCKTEST_EchoRecv
 .text          0x000000000106290c     0x12d4 ./../../../build/tcc70xx/gcc/tcc70xx-freertos-debug/obj/timer_test.o
                0x0000000001063ad8                TIMER_StartTimerTest
 .text          0x0000000001063be0      0xd94 ./../../../build/tcc70xx/gcc/tcc70xx-freertos-debug/obj/uart_test.o
                0x0000000001064640                UART_ConsoleTxTest
                0x00000000010648f8                UART_SelectTestCase
 .text          0x0000000001064974     0x1518 ./../../../build/tcc70xx/gcc/tcc70xx-freertos-debug/obj/wdt_test.o
                0x0000000001065b90                WDT_StartTest
 .text          0x0000000001065e8c     0x1014 ./../../../build/tcc70xx/gcc/tcc70xx-freertos-debug/obj/writelock_test.o
                0x0000000001066e70                Test_WriteProtection
 .text          0x0000000001066ea0      0x178 ./../../../build/tcc70xx/gcc/tcc70xx-freertos-debug/obj/eth_test.o
                0x0000000001066ea0                ETH_TestSend
                0x0000000001066ecc                ETH_TestInit
                0x0000000001066ef0                ETH_TestIPInit
                0x0000000001066fe0                ETH_TestIperf
                0x0000000001066ff4                ETH_TestLoopback
 .text          0x0000000001067018     0x1580 ./../../../build/tcc70xx/gcc/tcc70xx-freertos-debug/obj/spu_test.o
                0x0000000001067ea0                SPU_SelectTestCase
                0x0000000001068184                SPU_Test_SSL_With_Key
 .text          0x0000000001068598      0x780 ./../../../build/tcc70xx/gcc/tcc70xx-freertos-debug/obj/power_app.o
                0x0000000001068c7c                POWER_APP_StartDemo
 .text          0x0000000001068d18     0x20dc ./../../../build/tcc70xx/gcc/tcc70xx-freertos-debug/obj/power_com.o
                0x000000000106a114                POWER_COM_Start
                0x000000000106a598                POWER_COM_HaltCh
                0x000000000106a6b0                POWER_COM_SendMsg
                0x000000000106a8e4                POWER_COM_RecvMsg
 .text          0x000000000106adf4     0x25dc ./../../../build/tcc70xx/gcc/tcc70xx-freertos-debug/obj/spi_eccp.o
                0x000000000106adf4                ECCP_InitSPIManager
                0x000000000106b288                ECCP_Open
                0x000000000106b4d4                ECCP_Send
                0x000000000106b674                ECCP_Recv
                0x000000000106d2c8                ECCP_Dump
 .text          0x000000000106d3d0     0x6068 ./../../../build/tcc70xx/gcc/tcc70xx-freertos-debug/obj/hsm_manager.o
                0x000000000106d3d0                HSM_Init
                0x000000000106dc2c                HSM_UpdateVerify
                0x000000000106dfc4                HSM_VerifyFw
                0x000000000106e118                HSM_SetKey
                0x000000000106e350                HSM_RunAes
                0x000000000106e9ac                HSM_RunAesByKt
                0x000000000106ef80                HSM_GenMac
                0x000000000106f458                HSM_GenMacByKt
                0x000000000106f8a8                HSM_Verifymac
                0x000000000106fd64                HSM_GenHash
                0x00000000010700e0                HSM_RunRsassa
                0x000000000107055c                HSM_RunEcdsa
                0x0000000001070b20                HSM_RunEcdhPhaseI
                0x0000000001071024                HSM_RunEcdhPhaseII
                0x00000000010714ac                HSM_ComputeEcdhPubKey
                0x000000000107188c                HSM_Pbkdf2
                0x0000000001071d88                HSM_CertiParse
                0x000000000107209c                HSM_CertiVerify
                0x0000000001072364                HSM_DfWrite
                0x0000000001072600                HSM_TRNG
                0x0000000001072898                HSM_PRNG
                0x0000000001072be0                HSM_SelectBank
                0x0000000001072d98                HSM_GetVersion
                0x0000000001072fd0                HSM_ProgramLDT
                0x0000000001073250                HSM_ReadLDT
 .text          0x0000000001073438     0x18a0 ./../../../build/tcc70xx/gcc/tcc70xx-freertos-debug/obj/lin.o
                0x00000000010734a4                LIN_CalcProtectId
                0x0000000001073714                LIN_CalcFrameId
                0x0000000001073878                LIN_CalClassicChecksum
                0x00000000010739d8                LIN_CalEnhancedChecksum
                0x0000000001073ccc                LIN_ReadHeader
                0x0000000001074084                LIN_ReadResponse
                0x0000000001074454                LIN_FlushRxData
                0x0000000001074504                LIN_Init
                0x00000000010747ec                LIN_MasterTx
                0x0000000001074898                LIN_MasterRx
                0x00000000010748f8                LIN_GetStatus
                0x0000000001074a3c                LIN_RegisterCB
 .text          0x0000000001074cd8      0x104 ./../../../build/tcc70xx/gcc/tcc70xx-freertos-debug/obj/swl.o
                0x0000000001074d74                SWL_Init
                0x0000000001074da8                SWL_Write
 .text          0x0000000001074ddc      0x848 ./../../../build/tcc70xx/gcc/tcc70xx-freertos-debug/obj/adc.o
                0x0000000001075148                ADC_Init
                0x00000000010752d0                ADC_Read
                0x0000000001075510                ADC_AutoScan
                0x00000000010755e0                ADC_DeInit
 .text          0x0000000001075624      0xa48 ./../../../build/tcc70xx/gcc/tcc70xx-freertos-debug/obj/can.o
                0x0000000001075624                CAN_Init
                0x00000000010757bc                CAN_Deinit
                0x00000000010758e8                CAN_InitMessage
                0x0000000001075970                CAN_CheckNewRxMessage
                0x00000000010759b8                CAN_GetNewRxMessage
                0x0000000001075aac                CAN_SendMessage
                0x0000000001075bb0                CAN_RequestTxMessageCancellation
                0x0000000001075c70                CAN_CheckNewTxEvent
                0x0000000001075cb8                CAN_GetNewTxEvent
                0x0000000001075d18                CAN_SetControllerMode
                0x0000000001075e6c                CAN_GetControllerMode
                0x0000000001075ef0                CAN_GetProtocolStatus
                0x0000000001075f70                CAN_RegisterCallbackFunctionTx
                0x0000000001075fc4                CAN_RegisterCallbackFunctionRx
                0x0000000001076018                CAN_RegisterCallbackFunctionError
 .text          0x000000000107606c     0x3424 ./../../../build/tcc70xx/gcc/tcc70xx-freertos-debug/obj/can_drv.o
                0x000000000107606c                CAN_DrvGetControllerInfo
                0x0000000001076304                CAN_DrvInitChannel
                0x00000000010763d0                CAN_DrvDeinitChannel
                0x00000000010764b0                CAN_DrvSetNormalOperationMode
                0x0000000001076634                CAN_DrvSetMonitoringMode
                0x000000000107671c                CAN_DrvResetController
                0x0000000001076770                CAN_DrvSetInternalTestMode
                0x0000000001076880                CAN_DrvSetExternalTestMode
                0x000000000107697c                CAN_DrvSetWakeUpMode
                0x0000000001076af8                CAN_DrvSetSleepMode
                0x000000000107878c                CAN_DrvGetProtocolStatus
                0x0000000001079314                CAN_DrvCallbackNotifyRxEvent
 .text          0x0000000001079490     0x1b68 ./../../../build/tcc70xx/gcc/tcc70xx-freertos-debug/obj/can_msg.o
                0x0000000001079490                CAN_MsgInit
                0x000000000107a24c                CAN_MsgPutRxMessage
                0x000000000107a2f0                CAN_MsgGetCountOfRxMessage
                0x000000000107a424                CAN_MsgGetRxMessage
                0x000000000107a928                CAN_MsgSetTxMessage
                0x000000000107ac8c                CAN_MsgRequestTxMessageCancellation
                0x000000000107ad20                CAN_MsgGetCountOfTxEvent
                0x000000000107adac                CAN_MsgGetTxEventMessage
 .text          0x000000000107aff8        0x0 ./../../../build/tcc70xx/gcc/tcc70xx-freertos-debug/obj/can_par.o
 .text          0x000000000107aff8      0xd24 ./../../../build/tcc70xx/gcc/tcc70xx-freertos-debug/obj/can_porting.o
                0x000000000107aff8                CAN_PortingDelay
                0x000000000107b05c                CAN_PortingInitHW
                0x000000000107b188                CAN_PortingSetControllerClock
                0x000000000107b25c                CAN_PortingResetDriver
                0x000000000107b3e0                CAN_PortingSetInterruptHandler
                0x000000000107b458                CAN_PortingDisableControllerInterrupts
                0x000000000107b4ac                CAN_PortingEnableControllerInterrupts
                0x000000000107b500                CAN_PortingGetSizeofStandardIDFilterList
                0x000000000107b544                CAN_PortingGetSizeofExtendedIDFilterList
                0x000000000107b588                CAN_PortingGetSizeofRxFIFO0
                0x000000000107b5cc                CAN_PortingGetSizeofRxFIFO1
                0x000000000107b610                CAN_PortingGetSizeofRxBuffer
                0x000000000107b654                CAN_PortingGetSizeofTxEventBuffer
                0x000000000107b698                CAN_PortingGetSizeofTxBuffer
                0x000000000107b6dc                CAN_PortingGetBitRateSwitchEnable
                0x000000000107b720                CAN_PortingGetFDEnable
                0x000000000107b764                CAN_PortingGetStandardIDFilterEnable
                0x000000000107b7a8                CAN_PortingGetExtendedIDFilterEnable
                0x000000000107b7ec                CAN_PortingGetStandardIDRemoteRejectEnable
                0x000000000107b830                CAN_PortingGetExtendedIDRemoteRejectEnable
                0x000000000107b874                CAN_PortingGetTxEventFIFOEnable
                0x000000000107b8b8                CAN_PortingGetWatchDogEnable
                0x000000000107b8fc                CAN_PortingGetTimeOutEnable
                0x000000000107b940                CAN_PortingGetTimeStampEnable
                0x000000000107b984                CAN_PortingAllocateNonCacheMemory
                0x000000000107ba14                CAN_PortingDeallocateNonCacheMemory
                0x000000000107ba54                CAN_PortingGetControllerRegister
                0x000000000107badc                CAN_PortingGetConfigBaseAddr
                0x000000000107bb08                CAN_PortingGetMessageRamBaseAddr
                0x000000000107bb94                CAN_PortingGetConfigEXTS0Addr
                0x000000000107bc10                CAN_PortingGetConfigEXTS1Addr
                0x000000000107bc8c                CAN_PortingGetConfigWritePasswordAddr
                0x000000000107bcd4                CAN_PortingGetConfigWriteLockAddr
 *fill*         0x000000000107bd1c        0x4 
 .text          0x000000000107bd20     0x22a0 ./../../../build/tcc70xx/gcc/tcc70xx-freertos-debug/obj/clock_dev.o
                0x000000000107ce6c                CLOCK_Init
                0x000000000107cf34                CLOCK_SetPllDiv
                0x000000000107d098                CLOCK_GetPllRate
                0x000000000107d110                CLOCK_SetPllRate
                0x000000000107d6d4                CLOCK_SetClkCtrlRate
                0x000000000107d774                CLOCK_GetClkCtrlRate
                0x000000000107d8cc                CLOCK_IsPeriEnabled
                0x000000000107d934                CLOCK_EnablePeri
                0x000000000107d994                CLOCK_DisablePeri
                0x000000000107d9f4                CLOCK_GetPeriRate
                0x000000000107db70                CLOCK_SetPeriRate
                0x000000000107dc8c                CLOCK_IsIobusPwdn
                0x000000000107dd40                CLOCK_EnableIobus
                0x000000000107dde0                CLOCK_SetIobusPwdn
                0x000000000107ded0                CLOCK_SetSwReset
 .text          0x000000000107dfc0      0xba8 ./../../../build/tcc70xx/gcc/tcc70xx-freertos-debug/obj/debug.o
                0x000000000107dfc0                DBG_Putc
                0x000000000107e420                DBG_Printfi
                0x000000000107eb3c                DBG_SerialPrintf
 .text          0x000000000107eb68      0x118 ./../../../build/tcc70xx/gcc/tcc70xx-freertos-debug/obj/bsp.o
                0x000000000107eb68                BSP_PreInit
                0x000000000107eb88                BSP_Init
                0x000000000107ebf0                BSP_UndefAbortExceptionHook
                0x000000000107ec18                BSP_SystemHalt
                0x000000000107ec58                BSP_EnableSYSPower
 .text          0x000000000107ec80      0x440 ./../../../build/tcc70xx/gcc/tcc70xx-freertos-debug/obj/dse.o
                0x000000000107ece8                DSE_WriteLock
                0x000000000107eee0                DSE_Deinit
                0x000000000107ef3c                DSE_Init
                0x000000000107f094                DSE_GetGrpSts
 .text          0x000000000107f0c0     0x2650 ./../../../build/tcc70xx/gcc/tcc70xx-freertos-debug/obj/eflash.o
                0x000000000107fc10                EFLASH_WriteByte
                0x00000000010801a0                EFLASH_DFLASH_WriteByte
                0x00000000010804cc                EFLASH_Erase
                0x0000000001080ae0                EFLASH_Init
                0x0000000001080b1c                EFLASH_FWDN_LowFormat
                0x0000000001080b7c                EFLASH_FWDN_Read
                0x0000000001080d5c                EFLASH_FWDN_Write
                0x0000000001081670                FLASH_ReadLDT
 .text          0x0000000001081710     0x2798 ./../../../build/tcc70xx/gcc/tcc70xx-freertos-debug/obj/eth.o
                0x00000000010817e4                ETH_PrintPkt
                0x0000000001082018                ETH_UpdateLink
                0x0000000001082304                ETH_GetLinkStatus
                0x0000000001082328                ETH_Rx
                0x0000000001082848                ETH_SetMacAddress
                0x000000000108335c                ETH_Send
                0x00000000010833a0                ETH_Recv
                0x00000000010834f4                ETH_SetRecvBuff
                0x00000000010835d0                ETH_RegisterTask
                0x0000000001083600                ETH_CreateRecvTask
                0x0000000001083778                ETH_SetRecvCallback
                0x00000000010837a8                ETH_Prepare
                0x0000000001083870                ETH_Init
                0x0000000001083888                ETH_CornerSample_Test
 .text          0x0000000001083ea8     0x120c ./../../../build/tcc70xx/gcc/tcc70xx-freertos-debug/obj/eth_mii.o
                0x00000000010842f0                PHY_Read
                0x000000000108436c                PHY_Write
                0x000000000108467c                PHY_SetMasterSlave
                0x0000000001084718                PHY_GetMasterSlave
                0x000000000108476c                PHY_ReadStatus
                0x00000000010848ec                PHY_Init
                0x0000000001084cd0                PHY_InitLoopback
 .text          0x00000000010850b4     0x1788 ./../../../build/tcc70xx/gcc/tcc70xx-freertos-debug/obj/fmu.o
                0x0000000001086324                FMU_Init
                0x00000000010863ac                FMU_IsrHandler
                0x00000000010864b4                FMU_Set
                0x00000000010867b0                FMU_IsrClr
                0x0000000001086808                FMU_Deinit
 .text          0x000000000108683c     0x1470 ./../../../build/tcc70xx/gcc/tcc70xx-freertos-debug/obj/gdma.o
                0x000000000108683c                GDMA_InterruptEnable
                0x0000000001086938                GDMA_InterruptDisable
                0x0000000001086a34                GDMA_SetAddrIncrement
                0x0000000001086b2c                GDMA_SetTransferWidth
                0x0000000001086c24                GDMA_SetBurstSize
                0x0000000001086d1c                GDMA_SetTransferSize
                0x0000000001086df4                GDMA_SetFlowControl
                0x0000000001086ecc                GDMA_Reset
                0x0000000001086f38                GDMA_SetPeri
                0x0000000001086ff8                GDMA_GetTransferSize
                0x0000000001087298                GDMA_ChannelEnable
                0x0000000001087360                GDMA_WaitInterrupt
                0x0000000001087440                GDMA_ChannelDisable
                0x00000000010875bc                GDMA_SetSrcAddr
                0x0000000001087664                GDMA_SetDestAddr
                0x000000000108770c                GDMA_SetlliAddr
                0x00000000010877b4                GDMA_TransferMem2Mem
                0x0000000001087a7c                GDMA_Init
 .text          0x0000000001087cac      0xda8 ./../../../build/tcc70xx/gcc/tcc70xx-freertos-debug/obj/gic.o
                0x0000000001087f4c                GIC_Init
                0x0000000001088084                GIC_IntSrcEn
                0x00000000010881ac                GIC_IntSrcDis
                0x00000000010882d4                GIC_IntPrioSet
                0x0000000001088364                GIC_IntVectSet
                0x0000000001088588                GIC_IntHandlerWithParam
                0x0000000001088670                GIC_IntHandler
                0x000000000108876c                GIC_IntSGI
                0x0000000001088814                GIC_SmIrqEn
                0x0000000001088934                GIC_SmIrqSetHigh
 .text          0x0000000001088a54      0xff8 ./../../../build/tcc70xx/gcc/tcc70xx-freertos-debug/obj/gpio.o
                0x0000000001088adc                GPIO_Config
                0x0000000001088fdc                GPIO_Get
                0x0000000001089060                GPIO_Set
                0x000000000108912c                GPIO_ToNum
                0x000000000108921c                GPIO_PerichSel
                0x0000000001089470                GPIO_MfioCfg
                0x0000000001089908                GPIO_IntExtSet
 .text          0x0000000001089a4c     0x87f0 ./../../../build/tcc70xx/gcc/tcc70xx-freertos-debug/obj/gpsb.o
                0x000000000108a7a4                GPSB_Reset
                0x000000000108b6a4                GPSB_SetSpeed
                0x000000000108b974                GPSB_SetBpw
                0x000000000108bc80                GPSB_SetBpwNoSwap
                0x000000000108bed0                GPSB_SetMode
                0x000000000108c444                GPSB_CsAlloc
                0x000000000108c5cc                GPSB_CsInit
                0x000000000108c6bc                GPSB_CsActivate
                0x000000000108c770                GPSB_CsDeactivate
                0x000000000108dbd0                GPSB_AsyncXfer
                0x000000000108e09c                GPSB_Xfer
                0x000000000108e864                GPSB_Open
                0x000000000108f044                GPSB_Close
                0x000000000109087c                GPSB_SetLbCfg
                0x00000000010909f4                GPSB_ClearLbCfg
                0x0000000001091020                GPSB_Init
                0x00000000010911c8                GPSB_Deinit
                0x0000000001091228                GPSB_SafetyEnableLock
                0x0000000001091340                GPSB_SafetyDisableLock
                0x0000000001091458                GPSB_SafetyEnableLoopback
                0x00000000010915c4                GPSB_SafetyDisableLoopback
                0x00000000010916dc                GPSB_SafetyEnableMonitor
                0x0000000001091904                GPSB_SafetyDisableMonitor
                0x00000000010919d0                GPSB_SafetyGetStatus
                0x0000000001091ba4                GPSB_FillSlaveTXData
                0x0000000001091dc0                GPSB_SetSlaveDMAMode
                0x00000000010920cc                GPSB_GetSlaveRXData
                0x0000000001092108                GPSB_GetStatus
                0x0000000001092148                GPSB_ClearDMABuffer
 .text          0x000000000109223c        0x0 ./../../../build/tcc70xx/gcc/tcc70xx-freertos-debug/obj/gpsb_reg.o
 .text          0x000000000109223c     0x5050 ./../../../build/tcc70xx/gcc/tcc70xx-freertos-debug/obj/i2c.o
                0x00000000010926e0                I2C_ScanSlave
                0x0000000001094450                I2C_Xfer
                0x0000000001094718                I2C_XferCmd
                0x0000000001096934                I2C_Open
                0x0000000001096d74                I2C_Close
                0x0000000001097144                I2C_Init
                0x000000000109724c                I2C_Deinit
 .text          0x000000000109728c        0x0 ./../../../build/tcc70xx/gcc/tcc70xx-freertos-debug/obj/i2c_reg.o
 .text          0x000000000109728c     0x2704 ./../../../build/tcc70xx/gcc/tcc70xx-freertos-debug/obj/i2s.o
                0x00000000010972f8                I2S_SetGpiofunction
                0x000000000109760c                I2S_SetClock
                0x0000000001097be8                I2S_GetTransferSize
                0x0000000001097d44                I2S_SetTransferSize
                0x0000000001097f44                I2S_TxAdmaSetting
                0x000000000109812c                I2S_SetTASMode
                0x0000000001098158                I2S_SetAICMode
                0x0000000001098184                I2S_TASClear
                0x00000000010981c4                I2S_SetTASRxFifoThreshold
                0x0000000001098200                I2S_SetTASTxFifoThreshold
                0x000000000109823c                I2S_HopClear
                0x000000000109827c                I2S_FifoClear
                0x00000000010982f0                I2S_DmaReset
                0x0000000001098358                I2S_SWReset
                0x00000000010983c4                I2S_DaifSetting
                0x000000000109869c                I2S_DAMREnable
                0x00000000010986c8                I2S_DAMRDisable
                0x00000000010986f4                I2S_DAIEnable
                0x0000000001098760                I2S_DAIDisable
                0x00000000010987cc                I2S_DMAInit
                0x0000000001098914                I2S_DMAEnable
                0x0000000001098980                I2S_DMADisable
                0x00000000010989ec                I2S_Irq_Enable
                0x0000000001098a58                I2S_Irq_Disable
                0x0000000001098ac4                I2S_ErrCheck_Enable
                0x0000000001098b04                I2S_ErrCheck_Disable
                0x0000000001098b40                I2S_ErrCheck_Clear
                0x0000000001098b80                I2S_ErrCheck_GetStatus
                0x0000000001098bac                I2S_Enable
                0x0000000001098bf0                I2S_Disable
                0x0000000001098c38                I2S_GetTxDMAStatus
                0x0000000001098c64                I2S_SetTxDaSar
                0x0000000001098c94                I2S_SetTxDaSarL
                0x0000000001098cc4                I2S_GetTxDaCsar
                0x0000000001098ce8                I2S_GetTxDaCsarL
                0x0000000001098d0c                I2S_Irq
                0x0000000001098df4                I2S_UpdateStatus
                0x00000000010993f4                I2S_GetAvailable
                0x000000000109951c                I2S_PcmWrite
                0x00000000010996f0                I2S_PcmRead
                0x00000000010998c0                I2S_RepeatMode
 .text          0x0000000001099990     0x1fe4 ./../../../build/tcc70xx/gcc/tcc70xx-freertos-debug/obj/ictc.o
                0x0000000001099990                ICTC_GetIsrResult
                0x00000000010999e8                ICTC_ClearIsrResult
                0x0000000001099d20                ICTC_Init
                0x0000000001099ff4                ICTC_Deinit
                0x000000000109a094                ICTC_GetPrePeriodCnt
                0x000000000109a1c8                ICTC_GetPreDutyCnt
                0x000000000109a2fc                ICTC_GetCurEdgeCnt
                0x000000000109a430                ICTC_GetPrvEdgeCnt
                0x000000000109a564                ICTC_GetREdgeTstmpCnt
                0x000000000109a794                ICTC_GetFEdgeTstmpCnt
                0x000000000109aabc                ICTC_EnableCapture
                0x000000000109abd4                ICTC_DisableCapture
                0x000000000109acf8                ICTC_SetOpEnCtrlCounter
                0x000000000109adb4                ICTC_SetOpModeCtrlReg
                0x000000000109b308                ICTC_SetIRQCtrlReg
                0x000000000109b5f8                ICTC_SetCallBackFunc
                0x000000000109b6a0                ICTC_SetTimeoutValue
                0x000000000109b728                ICTC_SetEdgeMatchingValue
                0x000000000109b880                ICTC_SetCompareRoundValue
 .text          0x000000000109b974      0x508 ./../../../build/tcc70xx/gcc/tcc70xx-freertos-debug/obj/mbox.o
                0x000000000109b974                MBOX_Init
                0x000000000109b9d0                MBOX_DevSendSss
                0x000000000109bc64                MBOX_DevRecvSss
                0x000000000109be40                MBOX_Flush
 .text          0x000000000109be7c      0x884 ./../../../build/tcc70xx/gcc/tcc70xx-freertos-debug/obj/midf.o
                0x000000000109be7c                MIDF_FilterInitialize
                0x000000000109c118                MIDF_RegisterFilterRegion
                0x000000000109c45c                MIDF_UnregisterFilterRegion
 .text          0x000000000109c700      0x420 ./../../../build/tcc70xx/gcc/tcc70xx-freertos-debug/obj/mpu.o
                0x000000000109c850                MPU_Init
                0x000000000109cac8                MPU_GetDMABaseAddress
                0x000000000109caf4                MPU_GetCANBaseAddress
 .text          0x000000000109cb20       0x68 ./../../../build/tcc70xx/gcc/tcc70xx-freertos-debug/obj/preload.o
                0x000000000109cb20                PRELOAD_loadOnRam
 .text          0x000000000109cb88     0x34f4 ./../../../build/tcc70xx/gcc/tcc70xx-freertos-debug/obj/pdm.o
                0x000000000109f14c                PDM_CfgSetWrPw
                0x000000000109f18c                PDM_CfgSetWrLock
                0x000000000109f1cc                PDM_EnableClock
                0x000000000109f34c                PDM_DisableClock
                0x000000000109f374                PDM_Init
                0x000000000109f8a0                PDM_Deinit
                0x000000000109f8f0                PDM_Enable
                0x000000000109fb48                PDM_Disable
                0x000000000109fd30                PDM_GetChannelStatus
                0x000000000109fe38                PDM_SetConfig
 .text          0x00000000010a007c     0x19f4 ./../../../build/tcc70xx/gcc/tcc70xx-freertos-debug/obj/pmio_dev.o
                0x00000000010a0bc0                PMIO_EarlyWakeUp
                0x00000000010a0c18                PMIO_PowerDown
                0x00000000010a0de4                PMIO_DebugPrintPowerStatus
                0x00000000010a1018                PMIO_Init
                0x00000000010a1298                PMIO_GetBootReason
                0x00000000010a1394                PMIO_SetGpk
                0x00000000010a13d8                PMIO_SetNotiGpkIrq
 .text          0x00000000010a1a70      0x674 ./../../../build/tcc70xx/gcc/tcc70xx-freertos-debug/obj/pmio_dev_extn_pw_ctl.o
                0x00000000010a1b6c                PMIO_EXTN_Init
                0x00000000010a1ec0                PMIO_EXTN_SetStr
                0x00000000010a1f94                PMIO_EXTN_SetPower
                0x00000000010a20c0                PMIO_EXTN_GetUsingGpk32
 .text          0x00000000010a20e4      0x914 ./../../../build/tcc70xx/gcc/tcc70xx-freertos-debug/obj/pmu.o
                0x00000000010a2594                PMU_Init
                0x00000000010a26c0                PMU_GetResetOccur
                0x00000000010a27d8                PMU_EnableResetMonitor
                0x00000000010a2840                PMU_DisableResetMonitor
                0x00000000010a28a8                PMU_ColdReset
                0x00000000010a28e4                PMU_WarmReset
                0x00000000010a2920                PMU_ClearPvtError
 .text          0x00000000010a29f8      0xd18 ./../../../build/tcc70xx/gcc/tcc70xx-freertos-debug/obj/rtc_dev.o
                0x00000000010a2f00                RTC_Init
                0x00000000010a2f9c                RTC_SetTime
                0x00000000010a30d8                RTC_GetTime
                0x00000000010a321c                RTC_SetAlarm
                0x00000000010a3584                RTC_EnableAlarm
                0x00000000010a36e0                RTC_ClearAlarm
 .text          0x00000000010a3710     0xb964 ./../../../build/tcc70xx/gcc/tcc70xx-freertos-debug/obj/snor_mio.o
                0x00000000010aa718                SNOR_MIO_Init
                0x00000000010ad330                SNOR_MIO_Erase
                0x00000000010ae094                SNOR_MIO_Write
                0x00000000010ae3c0                SNOR_MIO_Read_Fast
                0x00000000010ae454                SNOR_MIO_Read
                0x00000000010ae4e8                SNOR_MIO_FWDN_LowFormat
                0x00000000010ae51c                SNOR_MIO_FWDN_Read
                0x00000000010ae69c                SNOR_MIO_FWDN_Write
                0x00000000010aef14                SNOR_MIO_AutoRun
 *fill*         0x00000000010af074        0x4 
 .text          0x00000000010af078     0x2448 ./../../../build/tcc70xx/gcc/tcc70xx-freertos-debug/obj/spu.o
                0x00000000010af398                SPU_Get_STS
                0x00000000010af444                SPU_Init
                0x00000000010af700                SPU_DeInit
                0x00000000010af738                SPU_Start_WG_Chain
                0x00000000010af940                SPU_Stop_WG_Chain
                0x00000000010af9f4                SPU_Start_SSL_Chain
                0x00000000010afb78                SPU_Stop_SSL_Chain
                0x00000000010afc40                SPU_Set_Volume_Controller
                0x00000000010afe14                SPU_Set_Channel_Mute
 .text          0x00000000010b14c0      0xb90 ./../../../build/tcc70xx/gcc/tcc70xx-freertos-debug/obj/ssm.o
                0x00000000010b18b8                SSM_EccEnable
                0x00000000010b1b68                SSM_EccDisable
                0x00000000010b1e68                SSM_SoftFaultCheckEnable
                0x00000000010b1f6c                SSM_SoftFautlCheckDisable
 .text          0x00000000010b2050     0x11bc ./../../../build/tcc70xx/gcc/tcc70xx-freertos-debug/obj/timer.o
                0x00000000010b2140                TIMER_InterruptClear
                0x00000000010b21b8                TIMER_Enable
                0x00000000010b2204                TIMER_EnableWithMode
                0x00000000010b228c                TIMER_EnableWithCfg
                0x00000000010b2ebc                TIMER_Disable
                0x00000000010b3080                TIMER_Init
 .text          0x00000000010b320c     0x4bb4 ./../../../build/tcc70xx/gcc/tcc70xx-freertos-debug/obj/uart.o
                0x00000000010b320c                UART_Open
                0x00000000010b32ac                UART_Close
                0x00000000010b354c                UART_Read
                0x00000000010b3714                UART_Write
                0x00000000010b38b4                UART_GetData
                0x00000000010b3a20                UART_GetChar
                0x00000000010b3bcc                UART_PutChar
                0x00000000010b3ce4                UART_SetLineControlReg
                0x00000000010b3d6c                UART_SetInterruptClearReg
                0x00000000010b3da4                UART_SetErrorClearReg
                0x00000000010b3ddc                UART_GetReceiveStatusReg
                0x00000000010b3e14                UART_GetRawInterruptStatusReg
                0x00000000010b3e4c                UART_Init
                0x00000000010b3f30                UART_ISR
 .text          0x00000000010b7dc0      0x670 ./../../../build/tcc70xx/gcc/tcc70xx-freertos-debug/obj/wdt.o
                0x00000000010b8074                WDT_KickPing
                0x00000000010b8094                WDT_ResetSystem
                0x00000000010b8118                WDT_Stop
                0x00000000010b819c                WDT_SmMode
                0x00000000010b8324                WDT_Init
 .text          0x00000000010b8430      0x670 ./../../../build/tcc70xx/gcc/tcc70xx-freertos-debug/obj/wdt_pmu.o
                0x00000000010b86e4                WDTPMU_KickPing
                0x00000000010b8704                WDTPMU_ResetSystem
                0x00000000010b8788                WDTPMU_Stop
                0x00000000010b880c                WDTPMU_SmMode
                0x00000000010b8994                WDTPMU_Init
 .text          0x00000000010b8aa0     0x3668 ./../../../build/tcc70xx/gcc/tcc70xx-freertos-debug/obj/tasks.o
                0x00000000010b8aa0                xTaskCreateStatic
                0x00000000010b8b88                xTaskCreate
                0x00000000010b8fe4                vTaskDelete
                0x00000000010b9138                vTaskDelayUntil
                0x00000000010b9278                vTaskDelay
                0x00000000010b92e8                eTaskGetState
                0x00000000010b9434                uxTaskPriorityGet
                0x00000000010b948c                uxTaskPriorityGetFromISR
                0x00000000010b94f0                vTaskPrioritySet
                0x00000000010b9708                vTaskSuspend
                0x00000000010b98e8                vTaskResume
                0x00000000010b99f8                xTaskResumeFromISR
                0x00000000010b9b30                vTaskStartScheduler
                0x00000000010b9c4c                vTaskEndScheduler
                0x00000000010b9c74                vTaskSuspendAll
                0x00000000010b9cac                xTaskResumeAll
                0x00000000010b9eb4                xTaskGetTickCount
                0x00000000010b9ee8                xTaskGetTickCountFromISR
                0x00000000010b9f28                uxTaskGetNumberOfTasks
                0x00000000010b9f4c                pcTaskGetName
                0x00000000010ba158                xTaskGetHandle
                0x00000000010ba28c                xTaskCatchUpTicks
                0x00000000010ba2f8                xTaskAbortDelay
                0x00000000010ba43c                xTaskIncrementTick
                0x00000000010ba6e4                vTaskSwitchContext
                0x00000000010ba8c0                vTaskPlaceOnEventList
                0x00000000010ba918                vTaskPlaceOnUnorderedEventList
                0x00000000010ba9a4                vTaskPlaceOnEventListRestricted
                0x00000000010baa14                xTaskRemoveFromEventList
                0x00000000010bab50                vTaskRemoveFromUnorderedEventList
                0x00000000010bac64                vTaskSetTimeOutState
                0x00000000010bacc0                vTaskInternalSetTimeOutState
                0x00000000010bad08                xTaskCheckForTimeOut
                0x00000000010bae5c                vTaskMissedYield
                0x00000000010bb104                xTaskGetCurrentTaskHandle
                0x00000000010bb134                xTaskGetSchedulerState
                0x00000000010bb19c                xTaskPriorityInherit
                0x00000000010bb338                xTaskPriorityDisinherit
                0x00000000010bb484                vTaskPriorityDisinheritAfterTimeout
                0x00000000010bb624                uxTaskResetEventItemValue
                0x00000000010bb67c                pvTaskIncrementMutexHeldCount
                0x00000000010bb6cc                ulTaskNotifyTake
                0x00000000010bb7b8                xTaskNotifyWait
                0x00000000010bb8e8                xTaskGenericNotify
                0x00000000010bbae0                xTaskGenericNotifyFromISR
                0x00000000010bbd38                vTaskNotifyGiveFromISR
                0x00000000010bbec0                xTaskNotifyStateClear
                0x00000000010bbf40                ulTaskNotifyValueClear
 .text          0x00000000010bc108      0x294 ./../../../build/tcc70xx/gcc/tcc70xx-freertos-debug/obj/list.o
                0x00000000010bc108                vListInitialise
                0x00000000010bc170                vListInitialiseItem
                0x00000000010bc19c                vListInsertEnd
                0x00000000010bc224                vListInsert
                0x00000000010bc2fc                uxListRemove
 .text          0x00000000010bc39c     0x2278 ./../../../build/tcc70xx/gcc/tcc70xx-freertos-debug/obj/queue.o
                0x00000000010bc39c                xQueueGenericReset
                0x00000000010bc4c8                xQueueGenericCreateStatic
                0x00000000010bc5d0                xQueueGenericCreate
                0x00000000010bc75c                xQueueCreateMutex
                0x00000000010bc7b0                xQueueCreateMutexStatic
                0x00000000010bc810                xQueueGetMutexHolder
                0x00000000010bc868                xQueueGetMutexHolderFromISR
                0x00000000010bc8c4                xQueueGiveMutexRecursive
                0x00000000010bc960                xQueueTakeMutexRecursive
                0x00000000010bca04                xQueueCreateCountingSemaphoreStatic
                0x00000000010bca88                xQueueCreateCountingSemaphore
                0x00000000010bcafc                xQueueGenericSend
                0x00000000010bcdd0                xQueueGenericSendFromISR
                0x00000000010bcfb4                xQueueGiveFromISR
                0x00000000010bd14c                xQueueReceive
                0x00000000010bd394                xQueueSemaphoreTake
                0x00000000010bd644                xQueuePeek
                0x00000000010bd894                xQueueReceiveFromISR
                0x00000000010bd9dc                xQueuePeekFromISR
                0x00000000010bdabc                uxQueueMessagesWaiting
                0x00000000010bdb00                uxQueueSpacesAvailable
                0x00000000010bdb58                uxQueueMessagesWaitingFromISR
                0x00000000010bdba0                vQueueDelete
                0x00000000010bdff4                xQueueIsQueueEmptyFromISR
                0x00000000010be0a8                xQueueIsQueueFullFromISR
                0x00000000010be110                vQueueAddToRegistry
                0x00000000010be1a4                pcQueueGetName
                0x00000000010be230                vQueueUnregisterQueue
                0x00000000010be2cc                vQueueWaitForMessageRestricted
                0x00000000010be370                xQueueCreateSet
                0x00000000010be3a4                xQueueAddToSet
                0x00000000010be41c                xQueueRemoveFromSet
                0x00000000010be4a0                xQueueSelectFromSet
                0x00000000010be4e0                xQueueSelectFromSetFromISR
 .text          0x00000000010be614      0x8e4 ./../../../build/tcc70xx/gcc/tcc70xx-freertos-debug/obj/event_groups.o
                0x00000000010be614                xEventGroupCreateStatic
                0x00000000010be698                xEventGroupCreate
                0x00000000010be6f4                xEventGroupSync
                0x00000000010be8dc                xEventGroupWaitBits
                0x00000000010beb14                xEventGroupClearBits
                0x00000000010beb94                xEventGroupGetBitsFromISR
                0x00000000010bebd8                xEventGroupSetBits
                0x00000000010bed8c                vEventGroupDelete
                0x00000000010bee20                vEventGroupSetBitsCallback
                0x00000000010bee4c                vEventGroupClearBitsCallback
 .text          0x00000000010beef8      0xfe0 ./../../../build/tcc70xx/gcc/tcc70xx-freertos-debug/obj/timers.o
                0x00000000010beef8                xTimerCreateTimerTask
                0x00000000010befcc                xTimerCreate
                0x00000000010bf040                xTimerCreateStatic
                0x00000000010bf188                xTimerGenericCommand
                0x00000000010bf27c                xTimerGetTimerDaemonTaskHandle
                0x00000000010bf2b8                xTimerGetPeriod
                0x00000000010bf2f8                vTimerSetReloadMode
                0x00000000010bf378                uxTimerGetReloadMode
                0x00000000010bf3e0                xTimerGetExpiryTime
                0x00000000010bf428                pcTimerGetName
                0x00000000010bfce8                xTimerIsTimerActive
                0x00000000010bfd50                pvTimerGetTimerID
                0x00000000010bfd9c                vTimerSetTimerID
                0x00000000010bfde8                xTimerPendFunctionCallFromISR
                0x00000000010bfe54                xTimerPendFunctionCall
 .text          0x00000000010bfed8     0x126c ./../../../build/tcc70xx/gcc/tcc70xx-freertos-debug/obj/stream_buffer.o
                0x00000000010bfed8                xStreamBufferGenericCreate
                0x00000000010bffb0                xStreamBufferGenericCreateStatic
                0x00000000010c00d4                vStreamBufferDelete
                0x00000000010c0138                xStreamBufferReset
                0x00000000010c01d8                xStreamBufferSetTriggerLevel
                0x00000000010c0260                xStreamBufferSpacesAvailable
                0x00000000010c02fc                xStreamBufferBytesAvailable
                0x00000000010c0340                xStreamBufferSend
                0x00000000010c0528                xStreamBufferSendFromISR
                0x00000000010c0728                xStreamBufferReceive
                0x00000000010c08cc                xStreamBufferNextMessageLengthBytes
                0x00000000010c098c                xStreamBufferReceiveFromISR
                0x00000000010c0b5c                xStreamBufferIsEmpty
                0x00000000010c0bcc                xStreamBufferIsFull
                0x00000000010c0c58                xStreamBufferSendCompletedFromISR
                0x00000000010c0cf4                xStreamBufferReceiveCompletedFromISR
 .text          0x00000000010c1144      0x8cc ./../../../build/tcc70xx/gcc/tcc70xx-freertos-debug/obj/port.o
                0x00000000010c1144                pxPortInitialiseStack
                0x00000000010c13d8                xPortStartScheduler
                0x00000000010c151c                vPortEndScheduler
                0x00000000010c154c                vPortEnterCritical
                0x00000000010c15a8                vPortExitCritical
                0x00000000010c1634                FreeRTOS_Tick_Handler
                0x00000000010c16c8                vPortTaskUsesFPU
                0x00000000010c1704                vPortClearInterruptMask
                0x00000000010c1760                ulPortSetInterruptMask
                0x00000000010c17d8                vPortValidateInterruptPriority
                0x00000000010c180c                vApplicationGetIdleTaskMemory
                0x00000000010c1860                vInitialiseTimerForRunTimeStats
                0x00000000010c1878                vApplicationStackOverflowHook
                0x00000000010c189c                vApplicationGetTimerTaskMemory
                0x00000000010c18f0                vConfigureTickInterrupt
                0x00000000010c1978                vClearTickInterrupt
                0x00000000010c1990                vApplicationFPUSafeIRQHandler
                0x00000000010c19b4                xPortGetInterruptNestingCount
                0x00000000010c19d8                heap_init
 .text          0x00000000010c1a10      0x8ec ./../../../build/tcc70xx/gcc/tcc70xx-freertos-debug/obj/heap_5.o
                0x00000000010c1a10                pvPortMalloc
                0x00000000010c1c68                vPortFree
                0x00000000010c1d90                xPortGetFreeHeapSize
                0x00000000010c1db4                xPortGetMinimumEverFreeHeapSize
                0x00000000010c1f30                vPortDefineHeapRegions
                0x00000000010c21a8                vPortGetHeapStats
 .text          0x00000000010c22fc      0xd10 ./../../../build/tcc70xx/gcc/tcc70xx-freertos-debug/obj/FreeRTOS_ARP.o
                0x00000000010c22fc                eARPProcessPacket
                0x00000000010c2544                vARPRefreshCacheEntry
                0x00000000010c2938                eARPGetCacheEntry
                0x00000000010c2bd0                vARPAgeCache
                0x00000000010c2e0c                vARPSendGratuitous
                0x00000000010c2e34                FreeRTOS_OutputARPRequest
                0x00000000010c2ed4                vARPGenerateRequestPacket
                0x00000000010c2fe8                FreeRTOS_ClearARP
 .text          0x00000000010c300c        0x0 ./../../../build/tcc70xx/gcc/tcc70xx-freertos-debug/obj/FreeRTOS_DHCP.o
 .text          0x00000000010c300c     0x2084 ./../../../build/tcc70xx/gcc/tcc70xx-freertos-debug/obj/FreeRTOS_DNS.o
                0x00000000010c3058                FreeRTOS_dnsclear
                0x00000000010c307c                FreeRTOS_dnslookup
                0x00000000010c30b8                FreeRTOS_gethostbyname
                0x00000000010c38e4                ulDNSHandlePacket
                0x00000000010c3950                ulNBNSHandlePacket
 .text          0x00000000010c5090     0x2288 ./../../../build/tcc70xx/gcc/tcc70xx-freertos-debug/obj/FreeRTOS_IP.o
                0x00000000010c52b8                xIsCallingFromIPTask
                0x00000000010c55f8                FreeRTOS_NetworkDown
                0x00000000010c5658                FreeRTOS_NetworkDownFromISR
                0x00000000010c56cc                FreeRTOS_GetUDPPayloadBuffer
                0x00000000010c5758                pxDuplicateNetworkBufferWithDescriptor
                0x00000000010c57f4                pxPacketBuffer_to_NetworkBuffer
                0x00000000010c586c                pxUDPPayloadBuffer_to_NetworkBuffer
                0x00000000010c58e4                FreeRTOS_ReleaseUDPPayloadBuffer
                0x00000000010c5914                FreeRTOS_IPInit
                0x00000000010c5c70                FreeRTOS_GetAddressConfiguration
                0x00000000010c5d1c                FreeRTOS_SetAddressConfiguration
                0x00000000010c5dc8                xSendEventToIPTask
                0x00000000010c5e14                xSendEventStructToIPTask
                0x00000000010c5f14                eConsiderFrameForProcessing
                0x00000000010c6080                vIPNetworkUpCalls
                0x00000000010c6a08                usGenerateProtocolChecksum
                0x00000000010c6d88                usGenerateChecksum
                0x00000000010c70b4                vReturnEthernetFrame
                0x00000000010c7160                FreeRTOS_GetIPAddress
                0x00000000010c7184                FreeRTOS_SetIPAddress
                0x00000000010c71b4                FreeRTOS_GetGatewayAddress
                0x00000000010c71d8                FreeRTOS_GetDNSServerAddress
                0x00000000010c71fc                FreeRTOS_GetNetmask
                0x00000000010c7220                FreeRTOS_UpdateMACAddress
                0x00000000010c7250                FreeRTOS_GetMACAddress
                0x00000000010c7270                FreeRTOS_SetNetmask
                0x00000000010c72a0                FreeRTOS_SetGatewayAddress
                0x00000000010c72d0                xIPIsNetworkTaskReady
                0x00000000010c72f4                FreeRTOS_IsNetworkUp
 .text          0x00000000010c7318     0x3d30 ./../../../build/tcc70xx/gcc/tcc70xx-freertos-debug/obj/FreeRTOS_Sockets.o
                0x00000000010c7758                vNetworkSocketsInit
                0x00000000010c78ac                FreeRTOS_socket
                0x00000000010c7a98                FreeRTOS_CreateSocketSet
                0x00000000010c7b0c                FreeRTOS_DeleteSocketSet
                0x00000000010c7b48                FreeRTOS_FD_SET
                0x00000000010c7bec                FreeRTOS_FD_CLR
                0x00000000010c7c8c                FreeRTOS_FD_ISSET
                0x00000000010c7d0c                FreeRTOS_select
                0x00000000010c7e88                FreeRTOS_recvfrom
                0x00000000010c80dc                FreeRTOS_sendto
                0x00000000010c82e0                FreeRTOS_bind
                0x00000000010c8430                vSocketBind
                0x00000000010c85e8                FreeRTOS_closesocket
                0x00000000010c866c                vSocketClose
                0x00000000010c8878                FreeRTOS_setsockopt
                0x00000000010c8ff4                pxUDPSocketLookup
                0x00000000010c9058                FreeRTOS_inet_addr
                0x00000000010c921c                FreeRTOS_GetLocalAddress
                0x00000000010c9298                vSocketWakeUpUser
                0x00000000010c9554                FreeRTOS_connect
                0x00000000010c9670                FreeRTOS_accept
                0x00000000010c9934                FreeRTOS_recv
                0x00000000010c9d24                FreeRTOS_get_tx_head
                0x00000000010c9df8                FreeRTOS_send
                0x00000000010ca090                FreeRTOS_listen
                0x00000000010ca1f0                FreeRTOS_shutdown
                0x00000000010ca28c                xTCPTimerCheck
                0x00000000010ca41c                pxTCPSocketLookup
                0x00000000010ca520                FreeRTOS_get_rx_buf
                0x00000000010ca6ec                lTCPAddRxdata
                0x00000000010ca82c                FreeRTOS_GetRemoteAddress
                0x00000000010ca904                FreeRTOS_maywrite
                0x00000000010ca9c8                FreeRTOS_tx_space
                0x00000000010caa44                FreeRTOS_tx_size
                0x00000000010caabc                FreeRTOS_issocketconnected
                0x00000000010cab34                FreeRTOS_mss
                0x00000000010cab88                FreeRTOS_connstatus
                0x00000000010cabdc                FreeRTOS_rx_size
                0x00000000010cac54                FreeRTOS_netstat
                0x00000000010cac8c                vSocketSelect
 .text          0x00000000010cb048      0x5f4 ./../../../build/tcc70xx/gcc/tcc70xx-freertos-debug/obj/FreeRTOS_Stream_Buffer.o
                0x00000000010cb2b8                uxStreamBufferAdd
                0x00000000010cb48c                uxStreamBufferGet
 .text          0x00000000010cb63c     0x5054 ./../../../build/tcc70xx/gcc/tcc70xx-freertos-debug/obj/FreeRTOS_TCP_IP.o
                0x00000000010cbb48                xTCPSocketCheck
                0x00000000010cd59c                vTCPStateChange
                0x00000000010cf890                xProcessReceivedTCPPacket
                0x00000000010d059c                xTCPCheckNewClient
 .text          0x00000000010d0690     0x1bc8 ./../../../build/tcc70xx/gcc/tcc70xx-freertos-debug/obj/FreeRTOS_TCP_WIN.o
                0x00000000010d088c                vListInsertGeneric
                0x00000000010d0bfc                xTCPWindowRxEmpty
                0x00000000010d0dc0                vTCPWindowDestroy
                0x00000000010d0e78                vTCPWindowCreate
                0x00000000010d0f34                vTCPWindowInit
                0x00000000010d1074                vTCPSegmentCleanup
                0x00000000010d11d8                lTCPWindowRxCheck
                0x00000000010d1538                lTCPWindowTxAdd
                0x00000000010d17d0                xTCPWindowTxDone
                0x00000000010d1918                xTCPWindowTxHasData
                0x00000000010d1a7c                ulTCPWindowTxGet
                0x00000000010d2174                ulTCPWindowTxAck
                0x00000000010d21dc                ulTCPWindowTxSack
 .text          0x00000000010d2258      0x6ec ./../../../build/tcc70xx/gcc/tcc70xx-freertos-debug/obj/FreeRTOS_UDP_IP.o
                0x00000000010d2258                vProcessGeneratedUDPPacket
                0x00000000010d26e0                xProcessReceivedUDPPacket
 .text          0x00000000010d2944      0x1a4 ./../../../build/tcc70xx/gcc/tcc70xx-freertos-debug/obj/FreeRTOS_Port.o
                0x00000000010d2944                uxRand
                0x00000000010d29e0                pcApplicationHostnameHook
                0x00000000010d2a00                xApplicationDNSQueryHook
                0x00000000010d2a7c                ulApplicationGetNextSequenceNumber
                0x00000000010d2ab8                xApplicationGetRandomNumber
 .text          0x00000000010d2ae8      0x518 ./../../../build/tcc70xx/gcc/tcc70xx-freertos-debug/obj/BufferAllocation_1.o
                0x00000000010d2b24                xNetworkBuffersInitialise
                0x00000000010d2cb0                pxGetNetworkBufferWithDescriptor
                0x00000000010d2dd8                pxNetworkBufferGetFromISR
                0x00000000010d2e78                vNetworkBufferReleaseFromISR
                0x00000000010d2ee0                vReleaseNetworkBufferAndDescriptor
                0x00000000010d2f90                uxGetMinimumFreeNetworkBuffers
                0x00000000010d2fb4                uxGetNumberOfFreeNetworkBuffers
                0x00000000010d2fd8                pxResizeNetworkBufferWithDescriptor
 .text          0x00000000010d3000      0x39c ./../../../build/tcc70xx/gcc/tcc70xx-freertos-debug/obj/NetworkInterface.o
                0x00000000010d3058                xNetworkInterfaceInitialise
                0x00000000010d3138                xNetworkInterfaceOutput
                0x00000000010d318c                vNetworkInterfaceAllocateRAMToBuffers
                0x00000000010d3260                xGetPhyLinkStatus
 .text          0x00000000010d339c      0x7f4 ./../../../build/tcc70xx/gcc/tcc70xx-freertos-debug/obj/sal_api.o
                0x00000000010d339c                SAL_RegisterFunction
 .text          0x00000000010d3b90     0x274c ./../../../build/tcc70xx/gcc/tcc70xx-freertos-debug/obj/sal_freertos_impl.o
                0x00000000010d5e80                SAL_Init
 .text          0x00000000010d62dc        0x0 ./../../../build/tcc70xx/gcc/tcc70xx-freertos-debug/obj/vector.o
 .text          0x00000000010d62dc       0x60 ./../../../build/tcc70xx/gcc/tcc70xx-freertos-debug/obj/vfp_init.o
                0x00000000010d62dc                vfp_init
 .text          0x00000000010d633c        0xc ./../../../build/tcc70xx/gcc/tcc70xx-freertos-debug/obj/arm_a.o
                0x00000000010d633c                ARM_DSB
 *fill*         0x00000000010d6348        0x8 
 .text          0x00000000010d6350      0x2b8 ./../../../build/tcc70xx/gcc/tcc70xx-freertos-debug/obj/portASM.o
                0x00000000010d6350                FreeRTOS_SWI_Handler
                0x00000000010d63f0                vPortRestoreTaskContext
                0x00000000010d6450                FreeRTOS_IRQ_Handler
                0x00000000010d65b0                vApplicationIRQHandler
 .text          0x00000000010d6608       0xb8 ./../../../build/tcc70xx/gcc/tcc70xx-freertos-debug/obj/freertos.o
                0x00000000010d6608                FreeRTOS_ARM_ExceptUndefInstrHndlr
                0x00000000010d661c                FreeRTOS_ARM_ExceptSwiHndlr
                0x00000000010d6620                FreeRTOS_ARM_ExceptPrefetchAbortHndlr
                0x00000000010d6638                FreeRTOS_ARM_ExceptDataAbortHndlr
                0x00000000010d6668                FreeRTOS_ARM_ExceptIrqHndlr
                0x00000000010d666c                FreeRTOS_ARM_ExceptFiqHndlr
                0x00000000010d6684                FreeRTOS_ARM_DRegCntGet
                0x00000000010d668c                CPU_WaitForEvent
                0x00000000010d6698                CPU_DSB
                0x00000000010d66a4                CPU_SR_Save
                0x00000000010d66b4                CPU_SR_Restore
 .text          0x00000000010d66c0       0x18 ./../../../build/tcc70xx/gcc/tcc70xx-freertos-debug/obj/sal.o
                0x00000000010d66c0                ARM_ExceptUndefInstrHndlr
                0x00000000010d66c4                ARM_ExceptSwiHndlr
                0x00000000010d66c8                ARM_ExceptPrefetchAbortHndlr
                0x00000000010d66cc                ARM_ExceptDataAbortHndlr
                0x00000000010d66d0                ARM_ExceptIrqHndlr
                0x00000000010d66d4                ARM_ExceptFiqHndlr
 .text          0x00000000010d66d8       0x30 /opt/gcc-linaro-7.2.1-2017.11-x86_64_arm-eabi/arm-eabi/libc/usr/lib/libc.a(lib_a-atoi.o)
                0x00000000010d66d8                atoi
                0x00000000010d66f0                _atoi_r
 .text          0x00000000010d6708      0x104 /opt/gcc-linaro-7.2.1-2017.11-x86_64_arm-eabi/arm-eabi/libc/usr/lib/libc.a(lib_a-memcmp.o)
                0x00000000010d6708                memcmp
 .text          0x00000000010d680c      0x110 /opt/gcc-linaro-7.2.1-2017.11-x86_64_arm-eabi/arm-eabi/libc/usr/lib/libc.a(lib_a-memcpy-stub.o)
                0x00000000010d680c                memcpy
 .text          0x00000000010d691c      0x140 /opt/gcc-linaro-7.2.1-2017.11-x86_64_arm-eabi/arm-eabi/libc/usr/lib/libc.a(lib_a-memmove.o)
                0x00000000010d691c                memmove
 .text          0x00000000010d6a5c      0x114 /opt/gcc-linaro-7.2.1-2017.11-x86_64_arm-eabi/arm-eabi/libc/usr/lib/libc.a(lib_a-memset.o)
                0x00000000010d6a5c                memset
 .text          0x00000000010d6b70      0x188 /opt/gcc-linaro-7.2.1-2017.11-x86_64_arm-eabi/arm-eabi/libc/usr/lib/libc.a(lib_a-snprintf.o)
                0x00000000010d6b70                _snprintf_r
                0x00000000010d6c2c                snprintf
 .text          0x00000000010d6cf8       0xd0 /opt/gcc-linaro-7.2.1-2017.11-x86_64_arm-eabi/arm-eabi/libc/usr/lib/libc.a(lib_a-sprintf.o)
                0x00000000010d6cf8                _sprintf_r
                0x00000000010d6d58                sprintf
 .text          0x00000000010d6dc8      0x100 /opt/gcc-linaro-7.2.1-2017.11-x86_64_arm-eabi/arm-eabi/libc/usr/lib/libc.a(lib_a-sscanf.o)
                0x00000000010d6dc8                sscanf
                0x00000000010d6e48                _sscanf_r
 .text          0x00000000010d6ec8       0xd8 /opt/gcc-linaro-7.2.1-2017.11-x86_64_arm-eabi/arm-eabi/libc/usr/lib/libc.a(lib_a-stdio.o)
                0x00000000010d6ec8                __sread
                0x00000000010d6efc                __seofread
                0x00000000010d6f04                __swrite
                0x00000000010d6f5c                __sseek
                0x00000000010d6f8c                __sclose
 .text          0x00000000010d6fa0      0x224 /opt/gcc-linaro-7.2.1-2017.11-x86_64_arm-eabi/arm-eabi/libc/usr/lib/libc.a(lib_a-strcmp.o)
                0x00000000010d6fa0                strcmp
 .text          0x00000000010d71c4       0xf0 /opt/gcc-linaro-7.2.1-2017.11-x86_64_arm-eabi/arm-eabi/libc/usr/lib/libc.a(lib_a-strcpy.o)
                0x00000000010d71c4                strcpy
 .text          0x00000000010d72b4       0x60 /opt/gcc-linaro-7.2.1-2017.11-x86_64_arm-eabi/arm-eabi/libc/usr/lib/libc.a(lib_a-strlen-stub.o)
                0x00000000010d72b4                strlen
 .text          0x00000000010d7314      0x100 /opt/gcc-linaro-7.2.1-2017.11-x86_64_arm-eabi/arm-eabi/libc/usr/lib/libc.a(lib_a-strncmp.o)
                0x00000000010d7314                strncmp
 .text          0x00000000010d7414       0xe0 /opt/gcc-linaro-7.2.1-2017.11-x86_64_arm-eabi/arm-eabi/libc/usr/lib/libc.a(lib_a-strncpy.o)
                0x00000000010d7414                strncpy
 .text          0x00000000010d74f4       0x5c /opt/gcc-linaro-7.2.1-2017.11-x86_64_arm-eabi/arm-eabi/libc/usr/lib/libc.a(lib_a-strnlen.o)
                0x00000000010d74f4                strnlen
 .text          0x00000000010d7550      0x27c /opt/gcc-linaro-7.2.1-2017.11-x86_64_arm-eabi/arm-eabi/libc/usr/lib/libc.a(lib_a-strtol.o)
                0x00000000010d770c                _strtol_r
                0x00000000010d7748                strtol_l
                0x00000000010d7780                strtol
 .text          0x00000000010d77cc      0x28c /opt/gcc-linaro-7.2.1-2017.11-x86_64_arm-eabi/arm-eabi/libc/usr/lib/libc.a(lib_a-strtoul.o)
                0x00000000010d7998                _strtoul_r
                0x00000000010d79d4                strtoul_l
                0x00000000010d7a0c                strtoul
 .text          0x00000000010d7a58     0xb4c8 /opt/gcc-linaro-7.2.1-2017.11-x86_64_arm-eabi/arm-eabi/libc/usr/lib/libc.a(lib_a-svfprintf.o)
                0x00000000010ded5c                _svfprintf_r
 .text          0x00000000010e2f20     0x2818 /opt/gcc-linaro-7.2.1-2017.11-x86_64_arm-eabi/arm-eabi/libc/usr/lib/libc.a(lib_a-svfscanf.o)
                0x00000000010e2f20                __ssvfscanf_r
 .text          0x00000000010e5738      0x134 /opt/gcc-linaro-7.2.1-2017.11-x86_64_arm-eabi/arm-eabi/libc/usr/lib/libc.a(lib_a-wcrtomb.o)
                0x00000000010e5738                _wcrtomb_r
                0x00000000010e57d0                wcrtomb
 .text          0x00000000010e586c       0x5c /opt/gcc-linaro-7.2.1-2017.11-x86_64_arm-eabi/arm-eabi/libc/usr/lib/libc.a(lib_a-wcsrtombs.o)
                0x00000000010e586c                _wcsrtombs_r
                0x00000000010e5890                wcsrtombs
 .text          0x00000000010e58c8       0x48 /opt/gcc-linaro-7.2.1-2017.11-x86_64_arm-eabi/arm-eabi/libc/usr/lib/libc.a(lib_a-writer.o)
                0x00000000010e58c8                _write_r
 .text          0x00000000010e5910       0x3c /opt/gcc-linaro-7.2.1-2017.11-x86_64_arm-eabi/arm-eabi/libc/usr/lib/libc.a(lib_a-closer.o)
                0x00000000010e5910                _close_r
 *fill*         0x00000000010e594c        0x4 
 .text          0x00000000010e5950     0x17dc /opt/gcc-linaro-7.2.1-2017.11-x86_64_arm-eabi/arm-eabi/libc/usr/lib/libc.a(lib_a-dtoa.o)
                0x00000000010e5b38                _dtoa_r
 .text          0x00000000010e712c      0x3dc /opt/gcc-linaro-7.2.1-2017.11-x86_64_arm-eabi/arm-eabi/libc/usr/lib/libc.a(lib_a-freer.o)
                0x00000000010e712c                _malloc_trim_r
                0x00000000010e722c                _free_r
 .text          0x00000000010e7508        0x0 /opt/gcc-linaro-7.2.1-2017.11-x86_64_arm-eabi/arm-eabi/libc/usr/lib/libc.a(lib_a-impure.o)
 .text          0x00000000010e7508       0x78 /opt/gcc-linaro-7.2.1-2017.11-x86_64_arm-eabi/arm-eabi/libc/usr/lib/libc.a(lib_a-iswspace.o)
                0x00000000010e7508                iswspace
 .text          0x00000000010e7580      0x2c8 /opt/gcc-linaro-7.2.1-2017.11-x86_64_arm-eabi/arm-eabi/libc/usr/lib/libc.a(lib_a-jp2uc.o)
                0x00000000010e7774                _jp2uc
 .text          0x00000000010e7848      0xd0c /opt/gcc-linaro-7.2.1-2017.11-x86_64_arm-eabi/arm-eabi/libc/usr/lib/libc.a(lib_a-locale.o)
                0x00000000010e78dc                __loadlocale
                0x00000000010e8114                __get_locale_env
                0x00000000010e81a8                _setlocale_r
                0x00000000010e84e4                __locale_mb_cur_max
                0x00000000010e850c                __locale_ctype_ptr_l
                0x00000000010e8514                __locale_ctype_ptr
                0x00000000010e853c                setlocale
 .text          0x00000000010e8554       0x58 /opt/gcc-linaro-7.2.1-2017.11-x86_64_arm-eabi/arm-eabi/libc/usr/lib/libc.a(lib_a-localeconv.o)
                0x00000000010e8554                __localeconv_l
                0x00000000010e855c                _localeconv_r
                0x00000000010e8584                localeconv
 .text          0x00000000010e85ac       0x48 /opt/gcc-linaro-7.2.1-2017.11-x86_64_arm-eabi/arm-eabi/libc/usr/lib/libc.a(lib_a-lseekr.o)
                0x00000000010e85ac                _lseek_r
 .text          0x00000000010e85f4      0x760 /opt/gcc-linaro-7.2.1-2017.11-x86_64_arm-eabi/arm-eabi/libc/usr/lib/libc.a(lib_a-mallocr.o)
                0x00000000010e85f4                _malloc_r
 .text          0x00000000010e8d54      0x14c /opt/gcc-linaro-7.2.1-2017.11-x86_64_arm-eabi/arm-eabi/libc/usr/lib/libc.a(lib_a-mbrtowc.o)
                0x00000000010e8d54                _mbrtowc_r
                0x00000000010e8dfc                mbrtowc
 .text          0x00000000010e8ea0      0x744 /opt/gcc-linaro-7.2.1-2017.11-x86_64_arm-eabi/arm-eabi/libc/usr/lib/libc.a(lib_a-mbtowc_r.o)
                0x00000000010e8ea0                _mbtowc_r
                0x00000000010e8ed4                __ascii_mbtowc
                0x00000000010e8f18                __utf8_mbtowc
                0x00000000010e9220                __sjis_mbtowc
                0x00000000010e92f4                __eucjp_mbtowc
                0x00000000010e942c                __jis_mbtowc
 .text          0x00000000010e95e4      0x110 /opt/gcc-linaro-7.2.1-2017.11-x86_64_arm-eabi/arm-eabi/libc/usr/lib/libc.a(lib_a-memchr-stub.o)
                0x00000000010e95e4                memchr
 .text          0x00000000010e96f4        0x8 /opt/gcc-linaro-7.2.1-2017.11-x86_64_arm-eabi/arm-eabi/libc/usr/lib/libc.a(lib_a-mlock.o)
                0x00000000010e96f4                __malloc_lock
                0x00000000010e96f8                __malloc_unlock
 .text          0x00000000010e96fc      0xdb8 /opt/gcc-linaro-7.2.1-2017.11-x86_64_arm-eabi/arm-eabi/libc/usr/lib/libc.a(lib_a-mprec.o)
                0x00000000010e96fc                _Balloc
                0x00000000010e9788                _Bfree
                0x00000000010e97a4                __multadd
                0x00000000010e9880                __s2b
                0x00000000010e9964                __hi0bits
                0x00000000010e99bc                __lo0bits
                0x00000000010e9a5c                __i2b
                0x00000000010e9a80                __multiply
                0x00000000010e9c80                __pow5mult
                0x00000000010e9d84                __lshift
                0x00000000010e9e78                __mcmp
                0x00000000010e9ed8                __mdiff
                0x00000000010ea060                __ulp
                0x00000000010ea0c8                __b2d
                0x00000000010ea1a8                __d2b
                0x00000000010ea2c0                __ratio
                0x00000000010ea350                _mprec_log10
                0x00000000010ea3b0                __copybits
                0x00000000010ea43c                __any_on
 .text          0x00000000010ea4b4       0x48 /opt/gcc-linaro-7.2.1-2017.11-x86_64_arm-eabi/arm-eabi/libc/usr/lib/libc.a(lib_a-readr.o)
                0x00000000010ea4b4                _read_r
 .text          0x00000000010ea4fc      0x124 /opt/gcc-linaro-7.2.1-2017.11-x86_64_arm-eabi/arm-eabi/libc/usr/lib/libc.a(lib_a-reent.o)
                0x00000000010ea4fc                cleanup_glue
                0x00000000010ea530                _reclaim_reent
 .text          0x00000000010ea620       0x98 /opt/gcc-linaro-7.2.1-2017.11-x86_64_arm-eabi/arm-eabi/libc/usr/lib/libc.a(lib_a-s_frexp.o)
                0x00000000010ea620                frexp
 .text          0x00000000010ea6b8       0x3c /opt/gcc-linaro-7.2.1-2017.11-x86_64_arm-eabi/arm-eabi/libc/usr/lib/libc.a(lib_a-sbrkr.o)
                0x00000000010ea6b8                _sbrk_r
 .text          0x00000000010ea6f4       0xcc /opt/gcc-linaro-7.2.1-2017.11-x86_64_arm-eabi/arm-eabi/libc/usr/lib/libc.a(lib_a-sccl.o)
                0x00000000010ea6f4                __sccl
 .text          0x00000000010ea7c0        0xc /opt/gcc-linaro-7.2.1-2017.11-x86_64_arm-eabi/arm-eabi/libc/usr/lib/libc.a(lib_a-sf_nan.o)
                0x00000000010ea7c0                nanf
 .text          0x00000000010ea7cc      0x104 /opt/gcc-linaro-7.2.1-2017.11-x86_64_arm-eabi/arm-eabi/libc/usr/lib/libc.a(lib_a-stpncpy.o)
                0x00000000010ea7cc                stpncpy
 .text          0x00000000010ea8d0       0x70 /opt/gcc-linaro-7.2.1-2017.11-x86_64_arm-eabi/arm-eabi/libc/usr/lib/libc.a(lib_a-strcasecmp.o)
                0x00000000010ea8d0                strcasecmp
 .text          0x00000000010ea940       0x74 /opt/gcc-linaro-7.2.1-2017.11-x86_64_arm-eabi/arm-eabi/libc/usr/lib/libc.a(lib_a-strcat.o)
                0x00000000010ea940                strcat
 .text          0x00000000010ea9b4      0x184 /opt/gcc-linaro-7.2.1-2017.11-x86_64_arm-eabi/arm-eabi/libc/usr/lib/libc.a(lib_a-strchr.o)
                0x00000000010ea9b4                strchr
 .text          0x00000000010eab38       0x54 /opt/gcc-linaro-7.2.1-2017.11-x86_64_arm-eabi/arm-eabi/libc/usr/lib/libc.a(lib_a-strlcpy.o)
                0x00000000010eab38                strlcpy
 .text          0x00000000010eab8c       0x94 /opt/gcc-linaro-7.2.1-2017.11-x86_64_arm-eabi/arm-eabi/libc/usr/lib/libc.a(lib_a-strncasecmp.o)
                0x00000000010eab8c                strncasecmp
 .text          0x00000000010eac20     0x18a4 /opt/gcc-linaro-7.2.1-2017.11-x86_64_arm-eabi/arm-eabi/libc/usr/lib/libc.a(lib_a-strtod.o)
                0x00000000010eac20                _strtod_l
                0x00000000010ec260                _strtod_r
                0x00000000010ec284                strtod_l
                0x00000000010ec2a0                strtod
                0x00000000010ec2d8                strtof_l
                0x00000000010ec3c4                strtof
 .text          0x00000000010ec4c4      0x354 /opt/gcc-linaro-7.2.1-2017.11-x86_64_arm-eabi/arm-eabi/libc/usr/lib/libc.a(lib_a-strtoll.o)
                0x00000000010ec758                _strtoll_r
                0x00000000010ec794                strtoll_l
                0x00000000010ec7cc                strtoll
 .text          0x00000000010ec818      0x338 /opt/gcc-linaro-7.2.1-2017.11-x86_64_arm-eabi/arm-eabi/libc/usr/lib/libc.a(lib_a-strtoull.o)
                0x00000000010eca90                _strtoull_r
                0x00000000010ecacc                strtoull_l
                0x00000000010ecb04                strtoull
 .text          0x00000000010ecb50     0x9c7c /opt/gcc-linaro-7.2.1-2017.11-x86_64_arm-eabi/arm-eabi/libc/usr/lib/libc.a(lib_a-svfiprintf.o)
                0x00000000010f3c24                __ssprint_r
                0x00000000010f3db4                _svfiprintf_r
 .text          0x00000000010f67cc     0x20e8 /opt/gcc-linaro-7.2.1-2017.11-x86_64_arm-eabi/arm-eabi/libc/usr/lib/libc.a(lib_a-svfiscanf.o)
                0x00000000010f67cc                _sungetc_r
                0x00000000010f68b0                __ssrefill_r
                0x00000000010f691c                _sfread_r
                0x00000000010f69ec                __ssvfiscanf_r
 .text          0x00000000010f88b4      0xa0c /opt/gcc-linaro-7.2.1-2017.11-x86_64_arm-eabi/arm-eabi/libc/usr/lib/libc.a(lib_a-syscalls.o)
                0x00000000010f896c                initialise_monitor_handles
                0x00000000010f8a1c                _swiread
                0x00000000010f8a60                _read
                0x00000000010f8b28                _swilseek
                0x00000000010f8c24                _lseek
                0x00000000010f8c44                _swiwrite
                0x00000000010f8c88                _write
                0x00000000010f8d54                _swiopen
                0x00000000010f8e58                _open
                0x00000000010f8e8c                _swiclose
                0x00000000010f8f00                _close
                0x00000000010f8f20                _kill
                0x00000000010f8f58                _exit
                0x00000000010f8f80                _getpid
                0x00000000010f8f88                _sbrk
                0x00000000010f8fe8                _fstat
                0x00000000010f901c                _stat
                0x00000000010f9088                _link
                0x00000000010f9090                _unlink
                0x00000000010f90e8                _raise
                0x00000000010f90ec                _gettimeofday
                0x00000000010f9134                _times
                0x00000000010f9170                _isatty
                0x00000000010f91c0                _system
                0x00000000010f9254                _rename
 .text          0x00000000010f92c0      0x23c /opt/gcc-linaro-7.2.1-2017.11-x86_64_arm-eabi/arm-eabi/libc/usr/lib/libc.a(lib_a-ungetc.o)
                0x00000000010f92c0                __submore
                0x00000000010f9370                _ungetc_r
                0x00000000010f94e4                ungetc
 .text          0x00000000010f94fc      0x21c /opt/gcc-linaro-7.2.1-2017.11-x86_64_arm-eabi/arm-eabi/libc/usr/lib/libc.a(lib_a-wcsnrtombs.o)
                0x00000000010f94fc                _wcsnrtombs_l
                0x00000000010f9678                _wcsnrtombs_r
                0x00000000010f96c0                wcsnrtombs
 .text          0x00000000010f9718      0x35c /opt/gcc-linaro-7.2.1-2017.11-x86_64_arm-eabi/arm-eabi/libc/usr/lib/libc.a(lib_a-wctomb_r.o)
                0x00000000010f9718                _wctomb_r
                0x00000000010f974c                __ascii_wctomb
                0x00000000010f9774                __utf8_wctomb
                0x00000000010f9860                __sjis_wctomb
                0x00000000010f98e8                __eucjp_wctomb
                0x00000000010f9998                __jis_wctomb
 .text          0x00000000010f9a74       0x98 /opt/gcc-linaro-7.2.1-2017.11-x86_64_arm-eabi/arm-eabi/libc/usr/lib/libc.a(lib_a-callocr.o)
                0x00000000010f9a74                _calloc_r
 .text          0x00000000010f9b0c       0x10 /opt/gcc-linaro-7.2.1-2017.11-x86_64_arm-eabi/arm-eabi/libc/usr/lib/libc.a(lib_a-ctype_.o)
                0x00000000010f9b0c                __set_ctype
 .text          0x00000000010f9b1c       0x10 /opt/gcc-linaro-7.2.1-2017.11-x86_64_arm-eabi/arm-eabi/libc/usr/lib/libc.a(lib_a-errno.o)
                0x00000000010f9b1c                __errno
 .text          0x00000000010f9b2c      0x2dc /opt/gcc-linaro-7.2.1-2017.11-x86_64_arm-eabi/arm-eabi/libc/usr/lib/libc.a(lib_a-fflush.o)
                0x00000000010f9b2c                __sflush_r
                0x00000000010f9d74                _fflush_r
                0x00000000010f9dd0                fflush
 .text          0x00000000010f9e08      0x340 /opt/gcc-linaro-7.2.1-2017.11-x86_64_arm-eabi/arm-eabi/libc/usr/lib/libc.a(lib_a-findfp.o)
                0x00000000010f9e10                _cleanup_r
                0x00000000010f9f78                __sfmoreglue
                0x00000000010f9fc8                __sfp
                0x00000000010fa0bc                _cleanup
                0x00000000010fa0e0                __sinit
                0x00000000010fa0f0                __sfp_lock_acquire
                0x00000000010fa0f4                __sfp_lock_release
                0x00000000010fa0f8                __sinit_lock_acquire
                0x00000000010fa0fc                __sinit_lock_release
                0x00000000010fa100                __fp_lock_all
                0x00000000010fa124                __fp_unlock_all
 .text          0x00000000010fa148       0xf8 /opt/gcc-linaro-7.2.1-2017.11-x86_64_arm-eabi/arm-eabi/libc/usr/lib/libc.a(lib_a-fwalk.o)
                0x00000000010fa148                _fwalk
                0x00000000010fa1c0                _fwalk_reent
 .text          0x00000000010fa240      0x90c /opt/gcc-linaro-7.2.1-2017.11-x86_64_arm-eabi/arm-eabi/libc/usr/lib/libc.a(lib_a-gdtoa-gethex.o)
                0x00000000010fa34c                __gethex
 .text          0x00000000010fab4c      0x2c8 /opt/gcc-linaro-7.2.1-2017.11-x86_64_arm-eabi/arm-eabi/libc/usr/lib/libc.a(lib_a-gdtoa-hexnan.o)
                0x00000000010fab4c                __match
                0x00000000010fabb4                __hexnan
 .text          0x00000000010fae14       0xec /opt/gcc-linaro-7.2.1-2017.11-x86_64_arm-eabi/arm-eabi/libc/usr/lib/libc.a(lib_a-getenv_r.o)
                0x00000000010fae14                _findenv_r
                0x00000000010faee4                _getenv_r
 .text          0x00000000010faf00      0x4dc /opt/gcc-linaro-7.2.1-2017.11-x86_64_arm-eabi/arm-eabi/libc/usr/lib/libc.a(lib_a-reallocr.o)
                0x00000000010faf00                _realloc_r
 .text          0x00000000010fb3dc        0x0 /opt/gcc-linaro-7.2.1-2017.11-x86_64_arm-eabi/arm-eabi/libc/usr/lib/libc.a(lib_a-environ.o)
 .text          0x00000000010fb3dc        0x8 /opt/gcc-linaro-7.2.1-2017.11-x86_64_arm-eabi/arm-eabi/libc/usr/lib/libc.a(lib_a-envlock.o)
                0x00000000010fb3dc                __env_lock
                0x00000000010fb3e0                __env_unlock
 .text          0x00000000010fb3e4      0x114 /opt/gcc-linaro-7.2.1-2017.11-x86_64_arm-eabi/arm-eabi/libc/usr/lib/libc.a(lib_a-fclose.o)
                0x00000000010fb3e4                _fclose_r
                0x00000000010fb4e4                fclose
 .text          0x00000000010fb4f8        0x8 /opt/gcc-linaro-7.2.1-2017.11-x86_64_arm-eabi/arm-eabi/libc/usr/lib/libm.a(lib_a-sf_fabs.o)
                0x00000000010fb4f8                fabsf
 .text          0x00000000010fb500      0x114 /opt/gcc-linaro-7.2.1-2017.11-x86_64_arm-eabi/arm-eabi/libc/usr/lib/libgcc.a(_udivsi3.o)
                0x00000000010fb500                __udivsi3
                0x00000000010fb500                __aeabi_uidiv
                0x00000000010fb5f4                __aeabi_uidivmod
 .text          0x00000000010fb614        0x4 /opt/gcc-linaro-7.2.1-2017.11-x86_64_arm-eabi/arm-eabi/libc/usr/lib/libgcc.a(_dvmd_tls.o)
                0x00000000010fb614                __aeabi_ldiv0
                0x00000000010fb614                __aeabi_idiv0
 .text          0x00000000010fb618      0x424 /opt/gcc-linaro-7.2.1-2017.11-x86_64_arm-eabi/arm-eabi/libc/usr/lib/libgcc.a(_arm_addsubdf3.o)
                0x00000000010fb618                __aeabi_drsub
                0x00000000010fb620                __aeabi_dsub
                0x00000000010fb620                __subdf3
                0x00000000010fb624                __adddf3
                0x00000000010fb624                __aeabi_dadd
                0x00000000010fb934                __aeabi_ui2d
                0x00000000010fb934                __floatunsidf
                0x00000000010fb958                __floatsidf
                0x00000000010fb958                __aeabi_i2d
                0x00000000010fb980                __extendsfdf2
                0x00000000010fb980                __aeabi_f2d
                0x00000000010fb9c8                __aeabi_ul2d
                0x00000000010fb9c8                __floatundidf
                0x00000000010fb9dc                __floatdidf
                0x00000000010fb9dc                __aeabi_l2d
 .text          0x00000000010fba3c      0x49c /opt/gcc-linaro-7.2.1-2017.11-x86_64_arm-eabi/arm-eabi/libc/usr/lib/libgcc.a(_arm_muldivdf3.o)
                0x00000000010fba3c                __aeabi_dmul
                0x00000000010fba3c                __muldf3
                0x00000000010fbccc                __aeabi_ddiv
                0x00000000010fbccc                __divdf3
 .text          0x00000000010fbed8      0x144 /opt/gcc-linaro-7.2.1-2017.11-x86_64_arm-eabi/arm-eabi/libc/usr/lib/libgcc.a(_arm_cmpdf2.o)
                0x00000000010fbed8                __gtdf2
                0x00000000010fbed8                __gedf2
                0x00000000010fbee0                __ltdf2
                0x00000000010fbee0                __ledf2
                0x00000000010fbee8                __cmpdf2
                0x00000000010fbee8                __eqdf2
                0x00000000010fbee8                __nedf2
                0x00000000010fbf70                __aeabi_cdrcmple
                0x00000000010fbf8c                __aeabi_cdcmple
                0x00000000010fbf8c                __aeabi_cdcmpeq
                0x00000000010fbfa4                __aeabi_dcmpeq
                0x00000000010fbfbc                __aeabi_dcmplt
                0x00000000010fbfd4                __aeabi_dcmple
                0x00000000010fbfec                __aeabi_dcmpge
                0x00000000010fc004                __aeabi_dcmpgt
 .text          0x00000000010fc01c       0x38 /opt/gcc-linaro-7.2.1-2017.11-x86_64_arm-eabi/arm-eabi/libc/usr/lib/libgcc.a(_arm_unorddf2.o)
                0x00000000010fc01c                __aeabi_dcmpun
                0x00000000010fc01c                __unorddf2
 .text          0x00000000010fc054       0x5c /opt/gcc-linaro-7.2.1-2017.11-x86_64_arm-eabi/arm-eabi/libc/usr/lib/libgcc.a(_arm_fixdfsi.o)
                0x00000000010fc054                __fixdfsi
                0x00000000010fc054                __aeabi_d2iz
 .text          0x00000000010fc0b0       0x54 /opt/gcc-linaro-7.2.1-2017.11-x86_64_arm-eabi/arm-eabi/libc/usr/lib/libgcc.a(_arm_fixunsdfsi.o)
                0x00000000010fc0b0                __fixunsdfsi
                0x00000000010fc0b0                __aeabi_d2uiz
 .text          0x00000000010fc104       0xa0 /opt/gcc-linaro-7.2.1-2017.11-x86_64_arm-eabi/arm-eabi/libc/usr/lib/libgcc.a(_arm_truncdfsf2.o)
                0x00000000010fc104                __aeabi_d2f
                0x00000000010fc104                __truncdfsf2
 .text          0x00000000010fc1a4      0x114 /opt/gcc-linaro-7.2.1-2017.11-x86_64_arm-eabi/arm-eabi/libc/usr/lib/libgcc.a(_arm_cmpsf2.o)
                0x00000000010fc1a4                __gtsf2
                0x00000000010fc1a4                __gesf2
                0x00000000010fc1ac                __lesf2
                0x00000000010fc1ac                __ltsf2
                0x00000000010fc1b4                __nesf2
                0x00000000010fc1b4                __eqsf2
                0x00000000010fc1b4                __cmpsf2
                0x00000000010fc218                __aeabi_cfrcmple
                0x00000000010fc228                __aeabi_cfcmple
                0x00000000010fc228                __aeabi_cfcmpeq
                0x00000000010fc240                __aeabi_fcmpeq
                0x00000000010fc258                __aeabi_fcmplt
                0x00000000010fc270                __aeabi_fcmple
                0x00000000010fc288                __aeabi_fcmpge
                0x00000000010fc2a0                __aeabi_fcmpgt
 .text          0x00000000010fc2b8       0x38 /opt/gcc-linaro-7.2.1-2017.11-x86_64_arm-eabi/arm-eabi/libc/usr/lib/libgcc.a(_arm_unordsf2.o)
                0x00000000010fc2b8                __aeabi_fcmpun
                0x00000000010fc2b8                __unordsf2