Archive member included to satisfy reference by file (symbol)

/opt/gcc-linaro-7.2.1-2017.11-x86_64_arm-eabi/arm-eabi/libc/usr/lib/libc.a(lib_a-atoi.o)
                              ./../../../build/tcc70xx/gcc/tcc70xx-freertos-debug/obj/audio_test.o (atoi)
/opt/gcc-linaro-7.2.1-2017.11-x86_64_arm-eabi/arm-eabi/libc/usr/lib/libc.a(lib_a-memcmp.o)
                              ./../../../build/tcc70xx/gcc/tcc70xx-freertos-debug/obj/FreeRTOS_ARP.o (memcmp)
/opt/gcc-linaro-7.2.1-2017.11-x86_64_arm-eabi/arm-eabi/libc/usr/lib/libc.a(lib_a-memcpy-stub.o)
                              ./../../../build/tcc70xx/gcc/tcc70xx-freertos-debug/obj/iperf_task_v3_0d.o (memcpy)
/opt/gcc-linaro-7.2.1-2017.11-x86_64_arm-eabi/arm-eabi/libc/usr/lib/libc.a(lib_a-memmove.o)
                              ./../../../build/tcc70xx/gcc/tcc70xx-freertos-debug/obj/FreeRTOS_IP.o (memmove)
/opt/gcc-linaro-7.2.1-2017.11-x86_64_arm-eabi/arm-eabi/libc/usr/lib/libc.a(lib_a-memset.o)
                              ./../../../build/tcc70xx/gcc/tcc70xx-freertos-debug/obj/console.o (memset)
/opt/gcc-linaro-7.2.1-2017.11-x86_64_arm-eabi/arm-eabi/libc/usr/lib/libc.a(lib_a-snprintf.o)
                              ./../../../build/tcc70xx/gcc/tcc70xx-freertos-debug/obj/iperf_task_v3_0d.o (snprintf)
/opt/gcc-linaro-7.2.1-2017.11-x86_64_arm-eabi/arm-eabi/libc/usr/lib/libc.a(lib_a-sprintf.o)
                              ./../../../build/tcc70xx/gcc/tcc70xx-freertos-debug/obj/iperf_task_v3_0d.o (sprintf)
/opt/gcc-linaro-7.2.1-2017.11-x86_64_arm-eabi/arm-eabi/libc/usr/lib/libc.a(lib_a-sscanf.o)
                              ./../../../build/tcc70xx/gcc/tcc70xx-freertos-debug/obj/iperf_task_v3_0d.o (sscanf)
/opt/gcc-linaro-7.2.1-2017.11-x86_64_arm-eabi/arm-eabi/libc/usr/lib/libc.a(lib_a-stdio.o)
                              /opt/gcc-linaro-7.2.1-2017.11-x86_64_arm-eabi/arm-eabi/libc/usr/lib/libc.a(lib_a-sscanf.o) (__seofread)
/opt/gcc-linaro-7.2.1-2017.11-x86_64_arm-eabi/arm-eabi/libc/usr/lib/libc.a(lib_a-strcmp.o)
                              ./../../../build/tcc70xx/gcc/tcc70xx-freertos-debug/obj/FreeRTOS_DNS.o (strcmp)
/opt/gcc-linaro-7.2.1-2017.11-x86_64_arm-eabi/arm-eabi/libc/usr/lib/libc.a(lib_a-strcpy.o)
                              ./../../../build/tcc70xx/gcc/tcc70xx-freertos-debug/obj/FreeRTOS_DNS.o (strcpy)
/opt/gcc-linaro-7.2.1-2017.11-x86_64_arm-eabi/arm-eabi/libc/usr/lib/libc.a(lib_a-strlen-stub.o)
                              ./../../../build/tcc70xx/gcc/tcc70xx-freertos-debug/obj/tasks.o (strlen)
/opt/gcc-linaro-7.2.1-2017.11-x86_64_arm-eabi/arm-eabi/libc/usr/lib/libc.a(lib_a-strncmp.o)
                              ./../../../build/tcc70xx/gcc/tcc70xx-freertos-debug/obj/iperf_task_v3_0d.o (strncmp)
/opt/gcc-linaro-7.2.1-2017.11-x86_64_arm-eabi/arm-eabi/libc/usr/lib/libc.a(lib_a-strncpy.o)
                              ./../../../build/tcc70xx/gcc/tcc70xx-freertos-debug/obj/iperf_task_v3_0d.o (strncpy)
/opt/gcc-linaro-7.2.1-2017.11-x86_64_arm-eabi/arm-eabi/libc/usr/lib/libc.a(lib_a-strnlen.o)
                              ./../../../build/tcc70xx/gcc/tcc70xx-freertos-debug/obj/sal_freertos_impl.o (strnlen)
/opt/gcc-linaro-7.2.1-2017.11-x86_64_arm-eabi/arm-eabi/libc/usr/lib/libc.a(lib_a-strtol.o)
                              /opt/gcc-linaro-7.2.1-2017.11-x86_64_arm-eabi/arm-eabi/libc/usr/lib/libc.a(lib_a-atoi.o) (_strtol_r)
/opt/gcc-linaro-7.2.1-2017.11-x86_64_arm-eabi/arm-eabi/libc/usr/lib/libc.a(lib_a-strtoul.o)
                              ./../../../build/tcc70xx/gcc/tcc70xx-freertos-debug/obj/console.o (strtoul)
/opt/gcc-linaro-7.2.1-2017.11-x86_64_arm-eabi/arm-eabi/libc/usr/lib/libc.a(lib_a-svfprintf.o)
                              /opt/gcc-linaro-7.2.1-2017.11-x86_64_arm-eabi/arm-eabi/libc/usr/lib/libc.a(lib_a-snprintf.o) (_svfprintf_r)
/opt/gcc-linaro-7.2.1-2017.11-x86_64_arm-eabi/arm-eabi/libc/usr/lib/libc.a(lib_a-svfscanf.o)
                              /opt/gcc-linaro-7.2.1-2017.11-x86_64_arm-eabi/arm-eabi/libc/usr/lib/libc.a(lib_a-sscanf.o) (__ssvfscanf_r)
/opt/gcc-linaro-7.2.1-2017.11-x86_64_arm-eabi/arm-eabi/libc/usr/lib/libc.a(lib_a-wcrtomb.o)
                              /opt/gcc-linaro-7.2.1-2017.11-x86_64_arm-eabi/arm-eabi/libc/usr/lib/libc.a(lib_a-svfprintf.o) (_wcrtomb_r)
/opt/gcc-linaro-7.2.1-2017.11-x86_64_arm-eabi/arm-eabi/libc/usr/lib/libc.a(lib_a-wcsrtombs.o)
                              /opt/gcc-linaro-7.2.1-2017.11-x86_64_arm-eabi/arm-eabi/libc/usr/lib/libc.a(lib_a-svfprintf.o) (_wcsrtombs_r)
/opt/gcc-linaro-7.2.1-2017.11-x86_64_arm-eabi/arm-eabi/libc/usr/lib/libc.a(lib_a-writer.o)
                              /opt/gcc-linaro-7.2.1-2017.11-x86_64_arm-eabi/arm-eabi/libc/usr/lib/libc.a(lib_a-stdio.o) (_write_r)
/opt/gcc-linaro-7.2.1-2017.11-x86_64_arm-eabi/arm-eabi/libc/usr/lib/libc.a(lib_a-closer.o)
                              /opt/gcc-linaro-7.2.1-2017.11-x86_64_arm-eabi/arm-eabi/libc/usr/lib/libc.a(lib_a-stdio.o) (_close_r)
[...]
Memory Configuration

Name             Origin             Length             Attributes
SRAM             0x0000000000000000 0x0000000000079980 xrw
SRAM_CODELOAD    0x0000000000078980 0x0000000000001000 xrw
SRAM_ARM_STACK   0x0000000000079980 0x0000000000000680 xrw
CAN_NC_SRAM      0x000000000007a000 0x0000000000002000 xrw
NC_SRAM          0x000000000007c000 0x0000000000004000 xrw
REMAP_FLASH      0x0000000001043000 0x0000000000200000 xr
*default*        0x0000000000000000 0xffffffffffffffff

Linker script and memory map

                0x0000000000000000                __VECTOR_START = 0x0
                0x0000000000001000                LOADCODE_SIZE = 0x1000
                0x0000000000004000                DMA_NC_SIZE = 0x4000
                0x0000000000002000                CAN_NC_SIZE = 0x2000
                0x0000000000080000                SRAM_TOTAL_SIZE = 0x80000
                0x0000000000000680                ARM_STACK_SIZE = 0x680
                0x000000000007a000                STACK_BASE_ADDR = (((__VECTOR_START + SRAM_TOTAL_SIZE) - DMA_NC_SIZE) - CAN_NC_SIZE)

.text           0x0000000001043000    0xb9548
                0x0000000001043000                __TEXT_START__ = .
 *startup.o(.text)
 .text          0x0000000001043000      0x240 ./../../../build/tcc70xx/gcc/tcc70xx-freertos-debug/obj/startup.o
                0x0000000001043000                reset
 *(.text)
 .text          0x0000000001043240      0x474 ./../../../build/tcc70xx/gcc/tcc70xx-freertos-debug/obj/main.o
                0x0000000001043240                cmain
 .text          0x00000000010436b4     0x1a50 ./../../../build/tcc70xx/gcc/tcc70xx-freertos-debug/obj/can_demo.o
                0x0000000001044888                CAN_DemoInitialize
                0x0000000001044adc                CAN_DemoTest
                0x0000000001045000                CAN_DemoCreateApp
 .text          0x0000000001045104     0x3d34 ./../../../build/tcc70xx/gcc/tcc70xx-freertos-debug/obj/console.o
                0x0000000001048dbc                CreateConsoleTask
 .text          0x0000000001048e38     0x20c0 ./../../../build/tcc70xx/gcc/tcc70xx-freertos-debug/obj/fwupdate.o
                0x0000000001049168                FWUD_Start
                0x000000000104a718                FWUD_Sync
                0x000000000104ae7c                CreateFWUDTask
 .text          0x000000000104aef8       0xa8 ./../../../build/tcc70xx/gcc/tcc70xx-freertos-debug/obj/idle.o
                0x000000000104af24                IDLE_CreateTask
 .text          0x000000000104afa0     0x1200 ./../../../build/tcc70xx/gcc/tcc70xx-freertos-debug/obj/iperf_task_v3_0d.o
                0x000000000104b010                vIPerfInstall
                0x000000000104c04c                vIPerfTask
 .text          0x000000000104c1a0      0x404 ./../../../build/tcc70xx/gcc/tcc70xx-freertos-debug/obj/spi_led.o
                0x000000000104c4d8                SPILED_StatusOn
                0x000000000104c500                SPILED_StatusOff
                0x000000000104c528                SPILED_CreateAppTask
 .text          0x000000000104c5a4      0xb0c ./../../../build/tcc70xx/gcc/tcc70xx-freertos-debug/obj/audio_test.o
                0x000000000104c5a4                AUDIO_Read
                0x000000000104c61c                AUDIO_DACHwMute
                0x000000000104c664                AUDIO_CreateAppTask
                0x000000000104c8f8                AUDIO_Init
                0x000000000104ca84                AUDIO_SampleTest
                0x000000000104cfe0                AUDIO_TestUsage
 .text          0x000000000104d0b0      0x37c ./../../../build/tcc70xx/gcc/tcc70xx-freertos-debug/obj/audio_chip_veri.o
                0x000000000104d0b0                DR_Irq
                0x000000000104d120                AUDIO_LRMode_Test
                0x000000000104d404                AUDIO_ErrorOcuur_TEST
 .text          0x000000000104d42c      0x698 ./../../../build/tcc70xx/gcc/tcc70xx-freertos-debug/obj/wm8904.o
                0x000000000104d42c                WM8904_SendCmd
                0x000000000104d580                WM8904_ReadCmd
                0x000000000104d6c8                WM8904_Initial
                0x000000000104d9d0                WM8904_SetVolume
 *fill*         0x000000000104dac4        0x4 
 .text          0x000000000104dac8      0x6a0 ./../../../build/tcc70xx/gcc/tcc70xx-freertos-debug/obj/cpu_test.o
                0x000000000104dac8                Disble_Cache
                0x000000000104daf8                Enable_Cache
                0x000000000104dbfc                Calculate_CacheTime
                0x000000000104dd24                Calculate_FPU
                0x000000000104e0cc                RemapMicomTest
 .text          0x000000000104e168      0x6dc ./../../../build/tcc70xx/gcc/tcc70xx-freertos-debug/obj/dse_test.o
                0x000000000104e1d0                DSE_Test_R5AccessFault
                0x000000000104e4dc                DSE_Test_SoftFaultCheck
 .text          0x000000000104e844     0x2e88 ./../../../build/tcc70xx/gcc/tcc70xx-freertos-debug/obj/eflash_test.o
                0x000000000104f400                EFLASHTest_ECC
                0x000000000104f69c                EFLASHTest_RESET
                0x000000000104f838                EFLASHTest_Int_Test
                0x000000000104fdf0                EFLASHTest_PflashAccessControl
                0x000000000105008c                EFLASHTest_Int_DFLASHTest
                0x000000000105096c                EFLASHTest_DflashEcc
                0x0000000001050c08                EFLASHTest_DflashAccessControl
                0x0000000001050ea4                EFLASHTest_flashEraseWrite
                0x00000000010512b8                EFLASHTest_snorEraseWrite
 .text          0x00000000010516cc      0x6b4 ./../../../build/tcc70xx/gcc/tcc70xx-freertos-debug/obj/fmu_test.o
                0x0000000001051d2c                FMU_StartFmuTest
 .text          0x0000000001051d80      0x39c ./../../../build/tcc70xx/gcc/tcc70xx-freertos-debug/obj/gdma_test.o
                0x0000000001051d80                GDMA_SampleForM2M
 .text          0x000000000105211c        0x0 ./../../../build/tcc70xx/gcc/tcc70xx-freertos-debug/obj/gdma_ip_test.o
 .text          0x000000000105211c      0x440 ./../../../build/tcc70xx/gcc/tcc70xx-freertos-debug/obj/gic_test.o
                0x00000000010521f4                GIC_Test_SmInt
                0x00000000010523cc                GIC_Test_Sgi
 .text          0x000000000105255c     0x41a4 ./../../../build/tcc70xx/gcc/tcc70xx-freertos-debug/obj/gpio_test.o
                0x0000000001056670                GPIO_StartGpioTest
 .text          0x0000000001056700       0xb0 ./../../../build/tcc70xx/gcc/tcc70xx-freertos-debug/obj/touch.o
                0x0000000001056700                Touch_Run
 .text          0x00000000010567b0     0x2234 ./../../../build/tcc70xx/gcc/tcc70xx-freertos-debug/obj/gpsb_test.o
                0x0000000001058454                GPSB_CreateSlaveTestTask
                0x00000000010584f8                GPSB_Test
 .text          0x00000000010589e4     0x5f3c ./../../../build/tcc70xx/gcc/tcc70xx-freertos-debug/obj/hsm_test.o
                0x000000000105e6d8                HSM_Test
 .text          0x000000000105e920      0x798 ./../../../build/tcc70xx/gcc/tcc70xx-freertos-debug/obj/i2c_test.o
                0x000000000105f098                I2C_TestMain
 .text          0x000000000105f0b8       0xe4 ./../../../build/tcc70xx/gcc/tcc70xx-freertos-debug/obj/lcd1602.o
                0x000000000105f0b8                LCD1602_Run
 .text          0x000000000105f19c      0x360 ./../../../build/tcc70xx/gcc/tcc70xx-freertos-debug/obj/lcd.o
                0x000000000105f19c                lcd_send
                0x000000000105f3b4                lcd_cmd
                0x000000000105f3e4                lcd_data
                0x000000000105f414                lcd_init
                0x000000000105f4b4                lcd_print
 .text          0x000000000105f4fc      0x838 ./../../../build/tcc70xx/gcc/tcc70xx-freertos-debug/obj/ictc_test.o
                0x000000000105fcd4                ICTC_SelectTestCase
 .text          0x000000000105fd34      0xb88 ./../../../build/tcc70xx/gcc/tcc70xx-freertos-debug/obj/lin_test.o
                0x000000000105fd34                LIN_TestUsage
                0x000000000105fda4                LIN_GetDLC
                0x000000000105fe10                LIN_UserResponse
                0x000000000105ff5c                LIN_CreateAppTask
                0x00000000010603d0                LIN_SampleTest
 .text          0x00000000010608bc      0x76c ./../../../build/tcc70xx/gcc/tcc70xx-freertos-debug/obj/pdm_test.o
                0x0000000001060fb8                PDM_SelectTestCase
 .text          0x0000000001061028      0x258 ./../../../build/tcc70xx/gcc/tcc70xx-freertos-debug/obj/pdm_led.o
                0x0000000001061180                PDM_Led_Run
 .text          0x0000000001061280      0x8bc ./../../../build/tcc70xx/gcc/tcc70xx-freertos-debug/obj/pmu_test.o
                0x0000000001061310                PMU_TEST_FmuMonitoringTest
                0x0000000001061470                PMU_TEST_GetRstStatus
                0x0000000001061950                PMU_TEST_RstMonitoringTest
                0x0000000001061ac8                PMU_TEST_RstReqTest
 .text          0x0000000001061b3c      0x564 ./../../../build/tcc70xx/gcc/tcc70xx-freertos-debug/obj/rtc_test.o
                0x0000000001061c40                RTC_TEST_Time
                0x0000000001061ebc                RTC_TEST_Alarm
 .text          0x00000000010620a0      0x128 ./../../../build/tcc70xx/gcc/tcc70xx-freertos-debug/obj/sfmc_test.o
                0x0000000001062144                SFMC_Test
 .text          0x00000000010621c8      0x7c8 ./../../../build/tcc70xx/gcc/tcc70xx-freertos-debug/obj/echo_test.o
                0x00000000010621c8                SOCKTEST_IPInit
                0x00000000010623fc                SOCKTEST_EchoSend
                0x0000000001062710                SOCKTEST_EchoRecv
 .text          0x0000000001062990     0x12d4 ./../../../build/tcc70xx/gcc/tcc70xx-freertos-debug/obj/timer_test.o
                0x0000000001063b5c                TIMER_StartTimerTest
 .text          0x0000000001063c64      0xd94 ./../../../build/tcc70xx/gcc/tcc70xx-freertos-debug/obj/uart_test.o
                0x00000000010646c4                UART_ConsoleTxTest
                0x000000000106497c                UART_SelectTestCase
 .text          0x00000000010649f8     0x1518 ./../../../build/tcc70xx/gcc/tcc70xx-freertos-debug/obj/wdt_test.o
                0x0000000001065c14                WDT_StartTest
 .text          0x0000000001065f10     0x1014 ./../../../build/tcc70xx/gcc/tcc70xx-freertos-debug/obj/writelock_test.o
                0x0000000001066ef4                Test_WriteProtection
 .text          0x0000000001066f24      0x178 ./../../../build/tcc70xx/gcc/tcc70xx-freertos-debug/obj/eth_test.o
                0x0000000001066f24                ETH_TestSend
                0x0000000001066f50                ETH_TestInit
                0x0000000001066f74                ETH_TestIPInit
                0x0000000001067064                ETH_TestIperf
                0x0000000001067078                ETH_TestLoopback
 .text          0x000000000106709c     0x1580 ./../../../build/tcc70xx/gcc/tcc70xx-freertos-debug/obj/spu_test.o
                0x0000000001067f24                SPU_SelectTestCase
                0x0000000001068208                SPU_Test_SSL_With_Key
 .text          0x000000000106861c      0x780 ./../../../build/tcc70xx/gcc/tcc70xx-freertos-debug/obj/power_app.o
                0x0000000001068d00                POWER_APP_StartDemo
 .text          0x0000000001068d9c     0x20dc ./../../../build/tcc70xx/gcc/tcc70xx-freertos-debug/obj/power_com.o
                0x000000000106a198                POWER_COM_Start
                0x000000000106a61c                POWER_COM_HaltCh
                0x000000000106a734                POWER_COM_SendMsg
                0x000000000106a968                POWER_COM_RecvMsg
 .text          0x000000000106ae78     0x25dc ./../../../build/tcc70xx/gcc/tcc70xx-freertos-debug/obj/spi_eccp.o
                0x000000000106ae78                ECCP_InitSPIManager
                0x000000000106b30c                ECCP_Open
                0x000000000106b558                ECCP_Send
                0x000000000106b6f8                ECCP_Recv
                0x000000000106d34c                ECCP_Dump
 .text          0x000000000106d454     0x6068 ./../../../build/tcc70xx/gcc/tcc70xx-freertos-debug/obj/hsm_manager.o
                0x000000000106d454                HSM_Init
                0x000000000106dcb0                HSM_UpdateVerify
                0x000000000106e048                HSM_VerifyFw
                0x000000000106e19c                HSM_SetKey
                0x000000000106e3d4                HSM_RunAes
                0x000000000106ea30                HSM_RunAesByKt
                0x000000000106f004                HSM_GenMac
                0x000000000106f4dc                HSM_GenMacByKt
                0x000000000106f92c                HSM_Verifymac
                0x000000000106fde8                HSM_GenHash
                0x0000000001070164                HSM_RunRsassa
                0x00000000010705e0                HSM_RunEcdsa
                0x0000000001070ba4                HSM_RunEcdhPhaseI
                0x00000000010710a8                HSM_RunEcdhPhaseII
                0x0000000001071530                HSM_ComputeEcdhPubKey
                0x0000000001071910                HSM_Pbkdf2
                0x0000000001071e0c                HSM_CertiParse
                0x0000000001072120                HSM_CertiVerify
                0x00000000010723e8                HSM_DfWrite
                0x0000000001072684                HSM_TRNG
                0x000000000107291c                HSM_PRNG
                0x0000000001072c64                HSM_SelectBank
                0x0000000001072e1c                HSM_GetVersion
                0x0000000001073054                HSM_ProgramLDT
                0x00000000010732d4                HSM_ReadLDT
 .text          0x00000000010734bc     0x18a0 ./../../../build/tcc70xx/gcc/tcc70xx-freertos-debug/obj/lin.o
                0x0000000001073528                LIN_CalcProtectId
                0x0000000001073798                LIN_CalcFrameId
                0x00000000010738fc                LIN_CalClassicChecksum
                0x0000000001073a5c                LIN_CalEnhancedChecksum
                0x0000000001073d50                LIN_ReadHeader
                0x0000000001074108                LIN_ReadResponse
                0x00000000010744d8                LIN_FlushRxData
                0x0000000001074588                LIN_Init
                0x0000000001074870                LIN_MasterTx
                0x000000000107491c                LIN_MasterRx
                0x000000000107497c                LIN_GetStatus
                0x0000000001074ac0                LIN_RegisterCB
 .text          0x0000000001074d5c      0x104 ./../../../build/tcc70xx/gcc/tcc70xx-freertos-debug/obj/swl.o
                0x0000000001074df8                SWL_Init
                0x0000000001074e2c                SWL_Write
 .text          0x0000000001074e60      0x848 ./../../../build/tcc70xx/gcc/tcc70xx-freertos-debug/obj/adc.o
                0x00000000010751cc                ADC_Init
                0x0000000001075354                ADC_Read
                0x0000000001075594                ADC_AutoScan
                0x0000000001075664                ADC_DeInit
 .text          0x00000000010756a8      0xa48 ./../../../build/tcc70xx/gcc/tcc70xx-freertos-debug/obj/can.o
                0x00000000010756a8                CAN_Init
                0x0000000001075840                CAN_Deinit
                0x000000000107596c                CAN_InitMessage
                0x00000000010759f4                CAN_CheckNewRxMessage
                0x0000000001075a3c                CAN_GetNewRxMessage
                0x0000000001075b30                CAN_SendMessage
                0x0000000001075c34                CAN_RequestTxMessageCancellation
                0x0000000001075cf4                CAN_CheckNewTxEvent
                0x0000000001075d3c                CAN_GetNewTxEvent
                0x0000000001075d9c                CAN_SetControllerMode
                0x0000000001075ef0                CAN_GetControllerMode
                0x0000000001075f74                CAN_GetProtocolStatus
                0x0000000001075ff4                CAN_RegisterCallbackFunctionTx
                0x0000000001076048                CAN_RegisterCallbackFunctionRx
                0x000000000107609c                CAN_RegisterCallbackFunctionError
 .text          0x00000000010760f0     0x3424 ./../../../build/tcc70xx/gcc/tcc70xx-freertos-debug/obj/can_drv.o
                0x00000000010760f0                CAN_DrvGetControllerInfo
                0x0000000001076388                CAN_DrvInitChannel
                0x0000000001076454                CAN_DrvDeinitChannel
                0x0000000001076534                CAN_DrvSetNormalOperationMode
                0x00000000010766b8                CAN_DrvSetMonitoringMode
                0x00000000010767a0                CAN_DrvResetController
                0x00000000010767f4                CAN_DrvSetInternalTestMode
                0x0000000001076904                CAN_DrvSetExternalTestMode
                0x0000000001076a00                CAN_DrvSetWakeUpMode
                0x0000000001076b7c                CAN_DrvSetSleepMode
                0x0000000001078810                CAN_DrvGetProtocolStatus
                0x0000000001079398                CAN_DrvCallbackNotifyRxEvent
 .text          0x0000000001079514     0x1b68 ./../../../build/tcc70xx/gcc/tcc70xx-freertos-debug/obj/can_msg.o
                0x0000000001079514                CAN_MsgInit
                0x000000000107a2d0                CAN_MsgPutRxMessage
                0x000000000107a374                CAN_MsgGetCountOfRxMessage
                0x000000000107a4a8                CAN_MsgGetRxMessage
                0x000000000107a9ac                CAN_MsgSetTxMessage
                0x000000000107ad10                CAN_MsgRequestTxMessageCancellation
                0x000000000107ada4                CAN_MsgGetCountOfTxEvent
                0x000000000107ae30                CAN_MsgGetTxEventMessage
 .text          0x000000000107b07c        0x0 ./../../../build/tcc70xx/gcc/tcc70xx-freertos-debug/obj/can_par.o
 .text          0x000000000107b07c      0xd24 ./../../../build/tcc70xx/gcc/tcc70xx-freertos-debug/obj/can_porting.o
                0x000000000107b07c                CAN_PortingDelay
                0x000000000107b0e0                CAN_PortingInitHW
                0x000000000107b20c                CAN_PortingSetControllerClock
                0x000000000107b2e0                CAN_PortingResetDriver
                0x000000000107b464                CAN_PortingSetInterruptHandler
                0x000000000107b4dc                CAN_PortingDisableControllerInterrupts
                0x000000000107b530                CAN_PortingEnableControllerInterrupts
                0x000000000107b584                CAN_PortingGetSizeofStandardIDFilterList
                0x000000000107b5c8                CAN_PortingGetSizeofExtendedIDFilterList
                0x000000000107b60c                CAN_PortingGetSizeofRxFIFO0
                0x000000000107b650                CAN_PortingGetSizeofRxFIFO1
                0x000000000107b694                CAN_PortingGetSizeofRxBuffer
                0x000000000107b6d8                CAN_PortingGetSizeofTxEventBuffer
                0x000000000107b71c                CAN_PortingGetSizeofTxBuffer
                0x000000000107b760                CAN_PortingGetBitRateSwitchEnable
                0x000000000107b7a4                CAN_PortingGetFDEnable
                0x000000000107b7e8                CAN_PortingGetStandardIDFilterEnable
                0x000000000107b82c                CAN_PortingGetExtendedIDFilterEnable
                0x000000000107b870                CAN_PortingGetStandardIDRemoteRejectEnable
                0x000000000107b8b4                CAN_PortingGetExtendedIDRemoteRejectEnable
                0x000000000107b8f8                CAN_PortingGetTxEventFIFOEnable
                0x000000000107b93c                CAN_PortingGetWatchDogEnable
                0x000000000107b980                CAN_PortingGetTimeOutEnable
                0x000000000107b9c4                CAN_PortingGetTimeStampEnable
                0x000000000107ba08                CAN_PortingAllocateNonCacheMemory
                0x000000000107ba98                CAN_PortingDeallocateNonCacheMemory
                0x000000000107bad8                CAN_PortingGetControllerRegister
                0x000000000107bb60                CAN_PortingGetConfigBaseAddr
                0x000000000107bb8c                CAN_PortingGetMessageRamBaseAddr
                0x000000000107bc18                CAN_PortingGetConfigEXTS0Addr
                0x000000000107bc94                CAN_PortingGetConfigEXTS1Addr
                0x000000000107bd10                CAN_PortingGetConfigWritePasswordAddr
                0x000000000107bd58                CAN_PortingGetConfigWriteLockAddr
 .text          0x000000000107bda0     0x22a0 ./../../../build/tcc70xx/gcc/tcc70xx-freertos-debug/obj/clock_dev.o
                0x000000000107ceec                CLOCK_Init
                0x000000000107cfb4                CLOCK_SetPllDiv
                0x000000000107d118                CLOCK_GetPllRate
                0x000000000107d190                CLOCK_SetPllRate
                0x000000000107d754                CLOCK_SetClkCtrlRate
                0x000000000107d7f4                CLOCK_GetClkCtrlRate
                0x000000000107d94c                CLOCK_IsPeriEnabled
                0x000000000107d9b4                CLOCK_EnablePeri
                0x000000000107da14                CLOCK_DisablePeri
                0x000000000107da74                CLOCK_GetPeriRate
                0x000000000107dbf0                CLOCK_SetPeriRate
                0x000000000107dd0c                CLOCK_IsIobusPwdn
                0x000000000107ddc0                CLOCK_EnableIobus
                0x000000000107de60                CLOCK_SetIobusPwdn
                0x000000000107df50                CLOCK_SetSwReset
 .text          0x000000000107e040      0xba8 ./../../../build/tcc70xx/gcc/tcc70xx-freertos-debug/obj/debug.o
                0x000000000107e040                DBG_Putc
                0x000000000107e4a0                DBG_Printfi
                0x000000000107ebbc                DBG_SerialPrintf
 .text          0x000000000107ebe8      0x118 ./../../../build/tcc70xx/gcc/tcc70xx-freertos-debug/obj/bsp.o
                0x000000000107ebe8                BSP_PreInit
                0x000000000107ec08                BSP_Init
                0x000000000107ec70                BSP_UndefAbortExceptionHook
                0x000000000107ec98                BSP_SystemHalt
                0x000000000107ecd8                BSP_EnableSYSPower
 .text          0x000000000107ed00      0x440 ./../../../build/tcc70xx/gcc/tcc70xx-freertos-debug/obj/dse.o
                0x000000000107ed68                DSE_WriteLock
                0x000000000107ef60                DSE_Deinit
                0x000000000107efbc                DSE_Init
                0x000000000107f114                DSE_GetGrpSts
 .text          0x000000000107f140     0x2650 ./../../../build/tcc70xx/gcc/tcc70xx-freertos-debug/obj/eflash.o
                0x000000000107fc90                EFLASH_WriteByte
                0x0000000001080220                EFLASH_DFLASH_WriteByte
                0x000000000108054c                EFLASH_Erase
                0x0000000001080b60                EFLASH_Init
                0x0000000001080b9c                EFLASH_FWDN_LowFormat
                0x0000000001080bfc                EFLASH_FWDN_Read
                0x0000000001080ddc                EFLASH_FWDN_Write
                0x00000000010816f0                FLASH_ReadLDT
 .text          0x0000000001081790     0x2798 ./../../../build/tcc70xx/gcc/tcc70xx-freertos-debug/obj/eth.o
                0x0000000001081864                ETH_PrintPkt
                0x0000000001082098                ETH_UpdateLink
                0x0000000001082384                ETH_GetLinkStatus
                0x00000000010823a8                ETH_Rx
                0x00000000010828c8                ETH_SetMacAddress
                0x00000000010833dc                ETH_Send
                0x0000000001083420                ETH_Recv
                0x0000000001083574                ETH_SetRecvBuff
                0x0000000001083650                ETH_RegisterTask
                0x0000000001083680                ETH_CreateRecvTask
                0x00000000010837f8                ETH_SetRecvCallback
                0x0000000001083828                ETH_Prepare
                0x00000000010838f0                ETH_Init
                0x0000000001083908                ETH_CornerSample_Test
 .text          0x0000000001083f28     0x120c ./../../../build/tcc70xx/gcc/tcc70xx-freertos-debug/obj/eth_mii.o
                0x0000000001084370                PHY_Read
                0x00000000010843ec                PHY_Write
                0x00000000010846fc                PHY_SetMasterSlave
                0x0000000001084798                PHY_GetMasterSlave
                0x00000000010847ec                PHY_ReadStatus
                0x000000000108496c                PHY_Init
                0x0000000001084d50                PHY_InitLoopback
 .text          0x0000000001085134     0x1788 ./../../../build/tcc70xx/gcc/tcc70xx-freertos-debug/obj/fmu.o
                0x00000000010863a4                FMU_Init
                0x000000000108642c                FMU_IsrHandler
                0x0000000001086534                FMU_Set
                0x0000000001086830                FMU_IsrClr
                0x0000000001086888                FMU_Deinit
 .text          0x00000000010868bc     0x1470 ./../../../build/tcc70xx/gcc/tcc70xx-freertos-debug/obj/gdma.o
                0x00000000010868bc                GDMA_InterruptEnable
                0x00000000010869b8                GDMA_InterruptDisable
                0x0000000001086ab4                GDMA_SetAddrIncrement
                0x0000000001086bac                GDMA_SetTransferWidth
                0x0000000001086ca4                GDMA_SetBurstSize
                0x0000000001086d9c                GDMA_SetTransferSize
                0x0000000001086e74                GDMA_SetFlowControl
                0x0000000001086f4c                GDMA_Reset
                0x0000000001086fb8                GDMA_SetPeri
                0x0000000001087078                GDMA_GetTransferSize
                0x0000000001087318                GDMA_ChannelEnable
                0x00000000010873e0                GDMA_WaitInterrupt
                0x00000000010874c0                GDMA_ChannelDisable
                0x000000000108763c                GDMA_SetSrcAddr
                0x00000000010876e4                GDMA_SetDestAddr
                0x000000000108778c                GDMA_SetlliAddr
                0x0000000001087834                GDMA_TransferMem2Mem
                0x0000000001087afc                GDMA_Init
 .text          0x0000000001087d2c      0xda8 ./../../../build/tcc70xx/gcc/tcc70xx-freertos-debug/obj/gic.o
                0x0000000001087fcc                GIC_Init
                0x0000000001088104                GIC_IntSrcEn
                0x000000000108822c                GIC_IntSrcDis
                0x0000000001088354                GIC_IntPrioSet
                0x00000000010883e4                GIC_IntVectSet
                0x0000000001088608                GIC_IntHandlerWithParam
                0x00000000010886f0                GIC_IntHandler
                0x00000000010887ec                GIC_IntSGI
                0x0000000001088894                GIC_SmIrqEn
                0x00000000010889b4                GIC_SmIrqSetHigh
 .text          0x0000000001088ad4      0xff8 ./../../../build/tcc70xx/gcc/tcc70xx-freertos-debug/obj/gpio.o
                0x0000000001088b5c                GPIO_Config
                0x000000000108905c                GPIO_Get
                0x00000000010890e0                GPIO_Set
                0x00000000010891ac                GPIO_ToNum
                0x000000000108929c                GPIO_PerichSel
                0x00000000010894f0                GPIO_MfioCfg
                0x0000000001089988                GPIO_IntExtSet
 .text          0x0000000001089acc     0x87f0 ./../../../build/tcc70xx/gcc/tcc70xx-freertos-debug/obj/gpsb.o
                0x000000000108a824                GPSB_Reset
                0x000000000108b724                GPSB_SetSpeed
                0x000000000108b9f4                GPSB_SetBpw
                0x000000000108bd00                GPSB_SetBpwNoSwap
                0x000000000108bf50                GPSB_SetMode
                0x000000000108c4c4                GPSB_CsAlloc
                0x000000000108c64c                GPSB_CsInit
                0x000000000108c73c                GPSB_CsActivate
                0x000000000108c7f0                GPSB_CsDeactivate
                0x000000000108dc50                GPSB_AsyncXfer
                0x000000000108e11c                GPSB_Xfer
                0x000000000108e8e4                GPSB_Open
                0x000000000108f0c4                GPSB_Close
                0x00000000010908fc                GPSB_SetLbCfg
                0x0000000001090a74                GPSB_ClearLbCfg
                0x00000000010910a0                GPSB_Init
                0x0000000001091248                GPSB_Deinit
                0x00000000010912a8                GPSB_SafetyEnableLock
                0x00000000010913c0                GPSB_SafetyDisableLock
                0x00000000010914d8                GPSB_SafetyEnableLoopback
                0x0000000001091644                GPSB_SafetyDisableLoopback
                0x000000000109175c                GPSB_SafetyEnableMonitor
                0x0000000001091984                GPSB_SafetyDisableMonitor
                0x0000000001091a50                GPSB_SafetyGetStatus
                0x0000000001091c24                GPSB_FillSlaveTXData
                0x0000000001091e40                GPSB_SetSlaveDMAMode
                0x000000000109214c                GPSB_GetSlaveRXData
                0x0000000001092188                GPSB_GetStatus
                0x00000000010921c8                GPSB_ClearDMABuffer
 .text          0x00000000010922bc        0x0 ./../../../build/tcc70xx/gcc/tcc70xx-freertos-debug/obj/gpsb_reg.o
 .text          0x00000000010922bc     0x5050 ./../../../build/tcc70xx/gcc/tcc70xx-freertos-debug/obj/i2c.o
                0x0000000001092760                I2C_ScanSlave
                0x00000000010944d0                I2C_Xfer
                0x0000000001094798                I2C_XferCmd
                0x00000000010969b4                I2C_Open
                0x0000000001096df4                I2C_Close
                0x00000000010971c4                I2C_Init
                0x00000000010972cc                I2C_Deinit
 .text          0x000000000109730c        0x0 ./../../../build/tcc70xx/gcc/tcc70xx-freertos-debug/obj/i2c_reg.o
 .text          0x000000000109730c     0x2704 ./../../../build/tcc70xx/gcc/tcc70xx-freertos-debug/obj/i2s.o
                0x0000000001097378                I2S_SetGpiofunction
                0x000000000109768c                I2S_SetClock
                0x0000000001097c68                I2S_GetTransferSize
                0x0000000001097dc4                I2S_SetTransferSize
                0x0000000001097fc4                I2S_TxAdmaSetting
                0x00000000010981ac                I2S_SetTASMode
                0x00000000010981d8                I2S_SetAICMode
                0x0000000001098204                I2S_TASClear
                0x0000000001098244                I2S_SetTASRxFifoThreshold
                0x0000000001098280                I2S_SetTASTxFifoThreshold
                0x00000000010982bc                I2S_HopClear
                0x00000000010982fc                I2S_FifoClear
                0x0000000001098370                I2S_DmaReset
                0x00000000010983d8                I2S_SWReset
                0x0000000001098444                I2S_DaifSetting
                0x000000000109871c                I2S_DAMREnable
                0x0000000001098748                I2S_DAMRDisable
                0x0000000001098774                I2S_DAIEnable
                0x00000000010987e0                I2S_DAIDisable
                0x000000000109884c                I2S_DMAInit
                0x0000000001098994                I2S_DMAEnable
                0x0000000001098a00                I2S_DMADisable
                0x0000000001098a6c                I2S_Irq_Enable
                0x0000000001098ad8                I2S_Irq_Disable
                0x0000000001098b44                I2S_ErrCheck_Enable
                0x0000000001098b84                I2S_ErrCheck_Disable
                0x0000000001098bc0                I2S_ErrCheck_Clear
                0x0000000001098c00                I2S_ErrCheck_GetStatus
                0x0000000001098c2c                I2S_Enable
                0x0000000001098c70                I2S_Disable
                0x0000000001098cb8                I2S_GetTxDMAStatus
                0x0000000001098ce4                I2S_SetTxDaSar
                0x0000000001098d14                I2S_SetTxDaSarL
                0x0000000001098d44                I2S_GetTxDaCsar
                0x0000000001098d68                I2S_GetTxDaCsarL
                0x0000000001098d8c                I2S_Irq
                0x0000000001098e74                I2S_UpdateStatus
                0x0000000001099474                I2S_GetAvailable
                0x000000000109959c                I2S_PcmWrite
                0x0000000001099770                I2S_PcmRead
                0x0000000001099940                I2S_RepeatMode
 .text          0x0000000001099a10     0x1fe4 ./../../../build/tcc70xx/gcc/tcc70xx-freertos-debug/obj/ictc.o
                0x0000000001099a10                ICTC_GetIsrResult
                0x0000000001099a68                ICTC_ClearIsrResult
                0x0000000001099da0                ICTC_Init
                0x000000000109a074                ICTC_Deinit
                0x000000000109a114                ICTC_GetPrePeriodCnt
                0x000000000109a248                ICTC_GetPreDutyCnt
                0x000000000109a37c                ICTC_GetCurEdgeCnt
                0x000000000109a4b0                ICTC_GetPrvEdgeCnt
                0x000000000109a5e4                ICTC_GetREdgeTstmpCnt
                0x000000000109a814                ICTC_GetFEdgeTstmpCnt
                0x000000000109ab3c                ICTC_EnableCapture
                0x000000000109ac54                ICTC_DisableCapture
                0x000000000109ad78                ICTC_SetOpEnCtrlCounter
                0x000000000109ae34                ICTC_SetOpModeCtrlReg
                0x000000000109b388                ICTC_SetIRQCtrlReg
                0x000000000109b678                ICTC_SetCallBackFunc
                0x000000000109b720                ICTC_SetTimeoutValue
                0x000000000109b7a8                ICTC_SetEdgeMatchingValue
                0x000000000109b900                ICTC_SetCompareRoundValue
 .text          0x000000000109b9f4      0x508 ./../../../build/tcc70xx/gcc/tcc70xx-freertos-debug/obj/mbox.o
                0x000000000109b9f4                MBOX_Init
                0x000000000109ba50                MBOX_DevSendSss
                0x000000000109bce4                MBOX_DevRecvSss
                0x000000000109bec0                MBOX_Flush
 .text          0x000000000109befc      0x884 ./../../../build/tcc70xx/gcc/tcc70xx-freertos-debug/obj/midf.o
                0x000000000109befc                MIDF_FilterInitialize
                0x000000000109c198                MIDF_RegisterFilterRegion
                0x000000000109c4dc                MIDF_UnregisterFilterRegion
 .text          0x000000000109c780      0x420 ./../../../build/tcc70xx/gcc/tcc70xx-freertos-debug/obj/mpu.o
                0x000000000109c8d0                MPU_Init
                0x000000000109cb48                MPU_GetDMABaseAddress
                0x000000000109cb74                MPU_GetCANBaseAddress
 .text          0x000000000109cba0       0x68 ./../../../build/tcc70xx/gcc/tcc70xx-freertos-debug/obj/preload.o
                0x000000000109cba0                PRELOAD_loadOnRam
 .text          0x000000000109cc08     0x34f4 ./../../../build/tcc70xx/gcc/tcc70xx-freertos-debug/obj/pdm.o
                0x000000000109f1cc                PDM_CfgSetWrPw
                0x000000000109f20c                PDM_CfgSetWrLock
                0x000000000109f24c                PDM_EnableClock
                0x000000000109f3cc                PDM_DisableClock
                0x000000000109f3f4                PDM_Init
                0x000000000109f920                PDM_Deinit
                0x000000000109f970                PDM_Enable
                0x000000000109fbc8                PDM_Disable
                0x000000000109fdb0                PDM_GetChannelStatus
                0x000000000109feb8                PDM_SetConfig
 .text          0x00000000010a00fc     0x19f4 ./../../../build/tcc70xx/gcc/tcc70xx-freertos-debug/obj/pmio_dev.o
                0x00000000010a0c40                PMIO_EarlyWakeUp
                0x00000000010a0c98                PMIO_PowerDown
                0x00000000010a0e64                PMIO_DebugPrintPowerStatus
                0x00000000010a1098                PMIO_Init
                0x00000000010a1318                PMIO_GetBootReason
                0x00000000010a1414                PMIO_SetGpk
                0x00000000010a1458                PMIO_SetNotiGpkIrq
 .text          0x00000000010a1af0      0x674 ./../../../build/tcc70xx/gcc/tcc70xx-freertos-debug/obj/pmio_dev_extn_pw_ctl.o
                0x00000000010a1bec                PMIO_EXTN_Init
                0x00000000010a1f40                PMIO_EXTN_SetStr
                0x00000000010a2014                PMIO_EXTN_SetPower
                0x00000000010a2140                PMIO_EXTN_GetUsingGpk32
 .text          0x00000000010a2164      0x914 ./../../../build/tcc70xx/gcc/tcc70xx-freertos-debug/obj/pmu.o
                0x00000000010a2614                PMU_Init
                0x00000000010a2740                PMU_GetResetOccur
                0x00000000010a2858                PMU_EnableResetMonitor
                0x00000000010a28c0                PMU_DisableResetMonitor
                0x00000000010a2928                PMU_ColdReset
                0x00000000010a2964                PMU_WarmReset
                0x00000000010a29a0                PMU_ClearPvtError
 .text          0x00000000010a2a78      0xd18 ./../../../build/tcc70xx/gcc/tcc70xx-freertos-debug/obj/rtc_dev.o
                0x00000000010a2f80                RTC_Init
                0x00000000010a301c                RTC_SetTime
                0x00000000010a3158                RTC_GetTime
                0x00000000010a329c                RTC_SetAlarm
                0x00000000010a3604                RTC_EnableAlarm
                0x00000000010a3760                RTC_ClearAlarm
 .text          0x00000000010a3790     0xb964 ./../../../build/tcc70xx/gcc/tcc70xx-freertos-debug/obj/snor_mio.o
                0x00000000010aa798                SNOR_MIO_Init
                0x00000000010ad3b0                SNOR_MIO_Erase
                0x00000000010ae114                SNOR_MIO_Write
                0x00000000010ae440                SNOR_MIO_Read_Fast
                0x00000000010ae4d4                SNOR_MIO_Read
                0x00000000010ae568                SNOR_MIO_FWDN_LowFormat
                0x00000000010ae59c                SNOR_MIO_FWDN_Read
                0x00000000010ae71c                SNOR_MIO_FWDN_Write
                0x00000000010aef94                SNOR_MIO_AutoRun
 *fill*         0x00000000010af0f4        0x4 
 .text          0x00000000010af0f8     0x2448 ./../../../build/tcc70xx/gcc/tcc70xx-freertos-debug/obj/spu.o
                0x00000000010af418                SPU_Get_STS
                0x00000000010af4c4                SPU_Init
                0x00000000010af780                SPU_DeInit
                0x00000000010af7b8                SPU_Start_WG_Chain
                0x00000000010af9c0                SPU_Stop_WG_Chain
                0x00000000010afa74                SPU_Start_SSL_Chain
                0x00000000010afbf8                SPU_Stop_SSL_Chain
                0x00000000010afcc0                SPU_Set_Volume_Controller
                0x00000000010afe94                SPU_Set_Channel_Mute
 .text          0x00000000010b1540      0xb90 ./../../../build/tcc70xx/gcc/tcc70xx-freertos-debug/obj/ssm.o
                0x00000000010b1938                SSM_EccEnable
                0x00000000010b1be8                SSM_EccDisable
                0x00000000010b1ee8                SSM_SoftFaultCheckEnable
                0x00000000010b1fec                SSM_SoftFautlCheckDisable
 .text          0x00000000010b20d0     0x11bc ./../../../build/tcc70xx/gcc/tcc70xx-freertos-debug/obj/timer.o
                0x00000000010b21c0                TIMER_InterruptClear
                0x00000000010b2238                TIMER_Enable
                0x00000000010b2284                TIMER_EnableWithMode
                0x00000000010b230c                TIMER_EnableWithCfg
                0x00000000010b2f3c                TIMER_Disable
                0x00000000010b3100                TIMER_Init
 .text          0x00000000010b328c     0x4bb4 ./../../../build/tcc70xx/gcc/tcc70xx-freertos-debug/obj/uart.o
                0x00000000010b328c                UART_Open
                0x00000000010b332c                UART_Close
                0x00000000010b35cc                UART_Read
                0x00000000010b3794                UART_Write
                0x00000000010b3934                UART_GetData
                0x00000000010b3aa0                UART_GetChar
                0x00000000010b3c4c                UART_PutChar
                0x00000000010b3d64                UART_SetLineControlReg
                0x00000000010b3dec                UART_SetInterruptClearReg
                0x00000000010b3e24                UART_SetErrorClearReg
                0x00000000010b3e5c                UART_GetReceiveStatusReg
                0x00000000010b3e94                UART_GetRawInterruptStatusReg
                0x00000000010b3ecc                UART_Init
                0x00000000010b3fb0                UART_ISR
 .text          0x00000000010b7e40      0x670 ./../../../build/tcc70xx/gcc/tcc70xx-freertos-debug/obj/wdt.o
                0x00000000010b80f4                WDT_KickPing
                0x00000000010b8114                WDT_ResetSystem
                0x00000000010b8198                WDT_Stop
                0x00000000010b821c                WDT_SmMode
                0x00000000010b83a4                WDT_Init
 .text          0x00000000010b84b0      0x670 ./../../../build/tcc70xx/gcc/tcc70xx-freertos-debug/obj/wdt_pmu.o
                0x00000000010b8764                WDTPMU_KickPing
                0x00000000010b8784                WDTPMU_ResetSystem
                0x00000000010b8808                WDTPMU_Stop
                0x00000000010b888c                WDTPMU_SmMode
                0x00000000010b8a14                WDTPMU_Init
 .text          0x00000000010b8b20     0x3668 ./../../../build/tcc70xx/gcc/tcc70xx-freertos-debug/obj/tasks.o
                0x00000000010b8b20                xTaskCreateStatic
                0x00000000010b8c08                xTaskCreate
                0x00000000010b9064                vTaskDelete
                0x00000000010b91b8                vTaskDelayUntil
                0x00000000010b92f8                vTaskDelay
                0x00000000010b9368                eTaskGetState
                0x00000000010b94b4                uxTaskPriorityGet
                0x00000000010b950c                uxTaskPriorityGetFromISR
                0x00000000010b9570                vTaskPrioritySet
                0x00000000010b9788                vTaskSuspend
                0x00000000010b9968                vTaskResume
                0x00000000010b9a78                xTaskResumeFromISR
                0x00000000010b9bb0                vTaskStartScheduler
                0x00000000010b9ccc                vTaskEndScheduler
                0x00000000010b9cf4                vTaskSuspendAll
                0x00000000010b9d2c                xTaskResumeAll
                0x00000000010b9f34                xTaskGetTickCount
                0x00000000010b9f68                xTaskGetTickCountFromISR
                0x00000000010b9fa8                uxTaskGetNumberOfTasks
                0x00000000010b9fcc                pcTaskGetName
                0x00000000010ba1d8                xTaskGetHandle
                0x00000000010ba30c                xTaskCatchUpTicks
                0x00000000010ba378                xTaskAbortDelay
                0x00000000010ba4bc                xTaskIncrementTick
                0x00000000010ba764                vTaskSwitchContext
                0x00000000010ba940                vTaskPlaceOnEventList
                0x00000000010ba998                vTaskPlaceOnUnorderedEventList
                0x00000000010baa24                vTaskPlaceOnEventListRestricted
                0x00000000010baa94                xTaskRemoveFromEventList
                0x00000000010babd0                vTaskRemoveFromUnorderedEventList
                0x00000000010bace4                vTaskSetTimeOutState
                0x00000000010bad40                vTaskInternalSetTimeOutState
                0x00000000010bad88                xTaskCheckForTimeOut
                0x00000000010baedc                vTaskMissedYield
                0x00000000010bb184                xTaskGetCurrentTaskHandle
                0x00000000010bb1b4                xTaskGetSchedulerState
                0x00000000010bb21c                xTaskPriorityInherit
                0x00000000010bb3b8                xTaskPriorityDisinherit
                0x00000000010bb504                vTaskPriorityDisinheritAfterTimeout
                0x00000000010bb6a4                uxTaskResetEventItemValue
                0x00000000010bb6fc                pvTaskIncrementMutexHeldCount
                0x00000000010bb74c                ulTaskNotifyTake
                0x00000000010bb838                xTaskNotifyWait
                0x00000000010bb968                xTaskGenericNotify
                0x00000000010bbb60                xTaskGenericNotifyFromISR
                0x00000000010bbdb8                vTaskNotifyGiveFromISR
                0x00000000010bbf40                xTaskNotifyStateClear
                0x00000000010bbfc0                ulTaskNotifyValueClear
 .text          0x00000000010bc188      0x294 ./../../../build/tcc70xx/gcc/tcc70xx-freertos-debug/obj/list.o
                0x00000000010bc188                vListInitialise
                0x00000000010bc1f0                vListInitialiseItem
                0x00000000010bc21c                vListInsertEnd
                0x00000000010bc2a4                vListInsert
                0x00000000010bc37c                uxListRemove
 .text          0x00000000010bc41c     0x2278 ./../../../build/tcc70xx/gcc/tcc70xx-freertos-debug/obj/queue.o
                0x00000000010bc41c                xQueueGenericReset
                0x00000000010bc548                xQueueGenericCreateStatic
                0x00000000010bc650                xQueueGenericCreate
                0x00000000010bc7dc                xQueueCreateMutex
                0x00000000010bc830                xQueueCreateMutexStatic
                0x00000000010bc890                xQueueGetMutexHolder
                0x00000000010bc8e8                xQueueGetMutexHolderFromISR
                0x00000000010bc944                xQueueGiveMutexRecursive
                0x00000000010bc9e0                xQueueTakeMutexRecursive
                0x00000000010bca84                xQueueCreateCountingSemaphoreStatic
                0x00000000010bcb08                xQueueCreateCountingSemaphore
                0x00000000010bcb7c                xQueueGenericSend
                0x00000000010bce50                xQueueGenericSendFromISR
                0x00000000010bd034                xQueueGiveFromISR
                0x00000000010bd1cc                xQueueReceive
                0x00000000010bd414                xQueueSemaphoreTake
                0x00000000010bd6c4                xQueuePeek
                0x00000000010bd914                xQueueReceiveFromISR
                0x00000000010bda5c                xQueuePeekFromISR
                0x00000000010bdb3c                uxQueueMessagesWaiting
                0x00000000010bdb80                uxQueueSpacesAvailable
                0x00000000010bdbd8                uxQueueMessagesWaitingFromISR
                0x00000000010bdc20                vQueueDelete
                0x00000000010be074                xQueueIsQueueEmptyFromISR
                0x00000000010be128                xQueueIsQueueFullFromISR
                0x00000000010be190                vQueueAddToRegistry
                0x00000000010be224                pcQueueGetName
                0x00000000010be2b0                vQueueUnregisterQueue
                0x00000000010be34c                vQueueWaitForMessageRestricted
                0x00000000010be3f0                xQueueCreateSet
                0x00000000010be424                xQueueAddToSet
                0x00000000010be49c                xQueueRemoveFromSet
                0x00000000010be520                xQueueSelectFromSet
                0x00000000010be560                xQueueSelectFromSetFromISR
 .text          0x00000000010be694      0x8e4 ./../../../build/tcc70xx/gcc/tcc70xx-freertos-debug/obj/event_groups.o
                0x00000000010be694                xEventGroupCreateStatic
                0x00000000010be718                xEventGroupCreate
                0x00000000010be774                xEventGroupSync
                0x00000000010be95c                xEventGroupWaitBits
                0x00000000010beb94                xEventGroupClearBits
                0x00000000010bec14                xEventGroupGetBitsFromISR
                0x00000000010bec58                xEventGroupSetBits
                0x00000000010bee0c                vEventGroupDelete
                0x00000000010beea0                vEventGroupSetBitsCallback
                0x00000000010beecc                vEventGroupClearBitsCallback
 .text          0x00000000010bef78      0xfe0 ./../../../build/tcc70xx/gcc/tcc70xx-freertos-debug/obj/timers.o
                0x00000000010bef78                xTimerCreateTimerTask
                0x00000000010bf04c                xTimerCreate
                0x00000000010bf0c0                xTimerCreateStatic
                0x00000000010bf208                xTimerGenericCommand
                0x00000000010bf2fc                xTimerGetTimerDaemonTaskHandle
                0x00000000010bf338                xTimerGetPeriod
                0x00000000010bf378                vTimerSetReloadMode
                0x00000000010bf3f8                uxTimerGetReloadMode
                0x00000000010bf460                xTimerGetExpiryTime
                0x00000000010bf4a8                pcTimerGetName
                0x00000000010bfd68                xTimerIsTimerActive
                0x00000000010bfdd0                pvTimerGetTimerID
                0x00000000010bfe1c                vTimerSetTimerID
                0x00000000010bfe68                xTimerPendFunctionCallFromISR
                0x00000000010bfed4                xTimerPendFunctionCall
 .text          0x00000000010bff58     0x126c ./../../../build/tcc70xx/gcc/tcc70xx-freertos-debug/obj/stream_buffer.o
                0x00000000010bff58                xStreamBufferGenericCreate
                0x00000000010c0030                xStreamBufferGenericCreateStatic
                0x00000000010c0154                vStreamBufferDelete
                0x00000000010c01b8                xStreamBufferReset
                0x00000000010c0258                xStreamBufferSetTriggerLevel
                0x00000000010c02e0                xStreamBufferSpacesAvailable
                0x00000000010c037c                xStreamBufferBytesAvailable
                0x00000000010c03c0                xStreamBufferSend
                0x00000000010c05a8                xStreamBufferSendFromISR
                0x00000000010c07a8                xStreamBufferReceive
                0x00000000010c094c                xStreamBufferNextMessageLengthBytes
                0x00000000010c0a0c                xStreamBufferReceiveFromISR
                0x00000000010c0bdc                xStreamBufferIsEmpty
                0x00000000010c0c4c                xStreamBufferIsFull
                0x00000000010c0cd8                xStreamBufferSendCompletedFromISR
                0x00000000010c0d74                xStreamBufferReceiveCompletedFromISR
 .text          0x00000000010c11c4      0x8cc ./../../../build/tcc70xx/gcc/tcc70xx-freertos-debug/obj/port.o
                0x00000000010c11c4                pxPortInitialiseStack
                0x00000000010c1458                xPortStartScheduler
                0x00000000010c159c                vPortEndScheduler
                0x00000000010c15cc                vPortEnterCritical
                0x00000000010c1628                vPortExitCritical
                0x00000000010c16b4                FreeRTOS_Tick_Handler
                0x00000000010c1748                vPortTaskUsesFPU
                0x00000000010c1784                vPortClearInterruptMask
                0x00000000010c17e0                ulPortSetInterruptMask
                0x00000000010c1858                vPortValidateInterruptPriority
                0x00000000010c188c                vApplicationGetIdleTaskMemory
                0x00000000010c18e0                vInitialiseTimerForRunTimeStats
                0x00000000010c18f8                vApplicationStackOverflowHook
                0x00000000010c191c                vApplicationGetTimerTaskMemory
                0x00000000010c1970                vConfigureTickInterrupt
                0x00000000010c19f8                vClearTickInterrupt
                0x00000000010c1a10                vApplicationFPUSafeIRQHandler
                0x00000000010c1a34                xPortGetInterruptNestingCount
                0x00000000010c1a58                heap_init
 .text          0x00000000010c1a90      0x8ec ./../../../build/tcc70xx/gcc/tcc70xx-freertos-debug/obj/heap_5.o
                0x00000000010c1a90                pvPortMalloc
                0x00000000010c1ce8                vPortFree
                0x00000000010c1e10                xPortGetFreeHeapSize
                0x00000000010c1e34                xPortGetMinimumEverFreeHeapSize
                0x00000000010c1fb0                vPortDefineHeapRegions
                0x00000000010c2228                vPortGetHeapStats
 .text          0x00000000010c237c      0xd10 ./../../../build/tcc70xx/gcc/tcc70xx-freertos-debug/obj/FreeRTOS_ARP.o
                0x00000000010c237c                eARPProcessPacket
                0x00000000010c25c4                vARPRefreshCacheEntry
                0x00000000010c29b8                eARPGetCacheEntry
                0x00000000010c2c50                vARPAgeCache
                0x00000000010c2e8c                vARPSendGratuitous
                0x00000000010c2eb4                FreeRTOS_OutputARPRequest
                0x00000000010c2f54                vARPGenerateRequestPacket
                0x00000000010c3068                FreeRTOS_ClearARP
 .text          0x00000000010c308c        0x0 ./../../../build/tcc70xx/gcc/tcc70xx-freertos-debug/obj/FreeRTOS_DHCP.o
 .text          0x00000000010c308c     0x2084 ./../../../build/tcc70xx/gcc/tcc70xx-freertos-debug/obj/FreeRTOS_DNS.o
                0x00000000010c30d8                FreeRTOS_dnsclear
                0x00000000010c30fc                FreeRTOS_dnslookup
                0x00000000010c3138                FreeRTOS_gethostbyname
                0x00000000010c3964                ulDNSHandlePacket
                0x00000000010c39d0                ulNBNSHandlePacket
 .text          0x00000000010c5110     0x2288 ./../../../build/tcc70xx/gcc/tcc70xx-freertos-debug/obj/FreeRTOS_IP.o
                0x00000000010c5338                xIsCallingFromIPTask
                0x00000000010c5678                FreeRTOS_NetworkDown
                0x00000000010c56d8                FreeRTOS_NetworkDownFromISR
                0x00000000010c574c                FreeRTOS_GetUDPPayloadBuffer
                0x00000000010c57d8                pxDuplicateNetworkBufferWithDescriptor
                0x00000000010c5874                pxPacketBuffer_to_NetworkBuffer
                0x00000000010c58ec                pxUDPPayloadBuffer_to_NetworkBuffer
                0x00000000010c5964                FreeRTOS_ReleaseUDPPayloadBuffer
                0x00000000010c5994                FreeRTOS_IPInit
                0x00000000010c5cf0                FreeRTOS_GetAddressConfiguration
                0x00000000010c5d9c                FreeRTOS_SetAddressConfiguration
                0x00000000010c5e48                xSendEventToIPTask
                0x00000000010c5e94                xSendEventStructToIPTask
                0x00000000010c5f94                eConsiderFrameForProcessing
                0x00000000010c6100                vIPNetworkUpCalls
                0x00000000010c6a88                usGenerateProtocolChecksum
                0x00000000010c6e08                usGenerateChecksum
                0x00000000010c7134                vReturnEthernetFrame
                0x00000000010c71e0                FreeRTOS_GetIPAddress
                0x00000000010c7204                FreeRTOS_SetIPAddress
                0x00000000010c7234                FreeRTOS_GetGatewayAddress
                0x00000000010c7258                FreeRTOS_GetDNSServerAddress
                0x00000000010c727c                FreeRTOS_GetNetmask
                0x00000000010c72a0                FreeRTOS_UpdateMACAddress
                0x00000000010c72d0                FreeRTOS_GetMACAddress
                0x00000000010c72f0                FreeRTOS_SetNetmask
                0x00000000010c7320                FreeRTOS_SetGatewayAddress
                0x00000000010c7350                xIPIsNetworkTaskReady
                0x00000000010c7374                FreeRTOS_IsNetworkUp
 .text          0x00000000010c7398     0x3d30 ./../../../build/tcc70xx/gcc/tcc70xx-freertos-debug/obj/FreeRTOS_Sockets.o
                0x00000000010c77d8                vNetworkSocketsInit
                0x00000000010c792c                FreeRTOS_socket
                0x00000000010c7b18                FreeRTOS_CreateSocketSet
                0x00000000010c7b8c                FreeRTOS_DeleteSocketSet
                0x00000000010c7bc8                FreeRTOS_FD_SET
                0x00000000010c7c6c                FreeRTOS_FD_CLR
                0x00000000010c7d0c                FreeRTOS_FD_ISSET
                0x00000000010c7d8c                FreeRTOS_select
                0x00000000010c7f08                FreeRTOS_recvfrom
                0x00000000010c815c                FreeRTOS_sendto
                0x00000000010c8360                FreeRTOS_bind
                0x00000000010c84b0                vSocketBind
                0x00000000010c8668                FreeRTOS_closesocket
                0x00000000010c86ec                vSocketClose
                0x00000000010c88f8                FreeRTOS_setsockopt
                0x00000000010c9074                pxUDPSocketLookup
                0x00000000010c90d8                FreeRTOS_inet_addr
                0x00000000010c929c                FreeRTOS_GetLocalAddress
                0x00000000010c9318                vSocketWakeUpUser
                0x00000000010c95d4                FreeRTOS_connect
                0x00000000010c96f0                FreeRTOS_accept
                0x00000000010c99b4                FreeRTOS_recv
                0x00000000010c9da4                FreeRTOS_get_tx_head
                0x00000000010c9e78                FreeRTOS_send
                0x00000000010ca110                FreeRTOS_listen
                0x00000000010ca270                FreeRTOS_shutdown
                0x00000000010ca30c                xTCPTimerCheck
                0x00000000010ca49c                pxTCPSocketLookup
                0x00000000010ca5a0                FreeRTOS_get_rx_buf
                0x00000000010ca76c                lTCPAddRxdata
                0x00000000010ca8ac                FreeRTOS_GetRemoteAddress
                0x00000000010ca984                FreeRTOS_maywrite
                0x00000000010caa48                FreeRTOS_tx_space
                0x00000000010caac4                FreeRTOS_tx_size
                0x00000000010cab3c                FreeRTOS_issocketconnected
                0x00000000010cabb4                FreeRTOS_mss
                0x00000000010cac08                FreeRTOS_connstatus
                0x00000000010cac5c                FreeRTOS_rx_size
                0x00000000010cacd4                FreeRTOS_netstat
                0x00000000010cad0c                vSocketSelect
 .text          0x00000000010cb0c8      0x5f4 ./../../../build/tcc70xx/gcc/tcc70xx-freertos-debug/obj/FreeRTOS_Stream_Buffer.o
                0x00000000010cb338                uxStreamBufferAdd
                0x00000000010cb50c                uxStreamBufferGet
 .text          0x00000000010cb6bc     0x5054 ./../../../build/tcc70xx/gcc/tcc70xx-freertos-debug/obj/FreeRTOS_TCP_IP.o
                0x00000000010cbbc8                xTCPSocketCheck
                0x00000000010cd61c                vTCPStateChange
                0x00000000010cf910                xProcessReceivedTCPPacket
                0x00000000010d061c                xTCPCheckNewClient
 .text          0x00000000010d0710     0x1bc8 ./../../../build/tcc70xx/gcc/tcc70xx-freertos-debug/obj/FreeRTOS_TCP_WIN.o
                0x00000000010d090c                vListInsertGeneric
                0x00000000010d0c7c                xTCPWindowRxEmpty
                0x00000000010d0e40                vTCPWindowDestroy
                0x00000000010d0ef8                vTCPWindowCreate
                0x00000000010d0fb4                vTCPWindowInit
                0x00000000010d10f4                vTCPSegmentCleanup
                0x00000000010d1258                lTCPWindowRxCheck
                0x00000000010d15b8                lTCPWindowTxAdd
                0x00000000010d1850                xTCPWindowTxDone
                0x00000000010d1998                xTCPWindowTxHasData
                0x00000000010d1afc                ulTCPWindowTxGet
                0x00000000010d21f4                ulTCPWindowTxAck
                0x00000000010d225c                ulTCPWindowTxSack
 .text          0x00000000010d22d8      0x6ec ./../../../build/tcc70xx/gcc/tcc70xx-freertos-debug/obj/FreeRTOS_UDP_IP.o
                0x00000000010d22d8                vProcessGeneratedUDPPacket
                0x00000000010d2760                xProcessReceivedUDPPacket
 .text          0x00000000010d29c4      0x1a4 ./../../../build/tcc70xx/gcc/tcc70xx-freertos-debug/obj/FreeRTOS_Port.o
                0x00000000010d29c4                uxRand
                0x00000000010d2a60                pcApplicationHostnameHook
                0x00000000010d2a80                xApplicationDNSQueryHook
                0x00000000010d2afc                ulApplicationGetNextSequenceNumber
                0x00000000010d2b38                xApplicationGetRandomNumber
 .text          0x00000000010d2b68      0x518 ./../../../build/tcc70xx/gcc/tcc70xx-freertos-debug/obj/BufferAllocation_1.o
                0x00000000010d2ba4                xNetworkBuffersInitialise
                0x00000000010d2d30                pxGetNetworkBufferWithDescriptor
                0x00000000010d2e58                pxNetworkBufferGetFromISR
                0x00000000010d2ef8                vNetworkBufferReleaseFromISR
                0x00000000010d2f60                vReleaseNetworkBufferAndDescriptor
                0x00000000010d3010                uxGetMinimumFreeNetworkBuffers
                0x00000000010d3034                uxGetNumberOfFreeNetworkBuffers
                0x00000000010d3058                pxResizeNetworkBufferWithDescriptor
 .text          0x00000000010d3080      0x39c ./../../../build/tcc70xx/gcc/tcc70xx-freertos-debug/obj/NetworkInterface.o
                0x00000000010d30d8                xNetworkInterfaceInitialise
                0x00000000010d31b8                xNetworkInterfaceOutput
                0x00000000010d320c                vNetworkInterfaceAllocateRAMToBuffers
                0x00000000010d32e0                xGetPhyLinkStatus
 .text          0x00000000010d341c      0x7f4 ./../../../build/tcc70xx/gcc/tcc70xx-freertos-debug/obj/sal_api.o
                0x00000000010d341c                SAL_RegisterFunction
 .text          0x00000000010d3c10     0x274c ./../../../build/tcc70xx/gcc/tcc70xx-freertos-debug/obj/sal_freertos_impl.o
                0x00000000010d5f00                SAL_Init
 .text          0x00000000010d635c        0x0 ./../../../build/tcc70xx/gcc/tcc70xx-freertos-debug/obj/vector.o
 .text          0x00000000010d635c       0x60 ./../../../build/tcc70xx/gcc/tcc70xx-freertos-debug/obj/vfp_init.o
                0x00000000010d635c                vfp_init
 .text          0x00000000010d63bc        0xc ./../../../build/tcc70xx/gcc/tcc70xx-freertos-debug/obj/arm_a.o
                0x00000000010d63bc                ARM_DSB
 *fill*         0x00000000010d63c8        0x8 
 .text          0x00000000010d63d0      0x2b8 ./../../../build/tcc70xx/gcc/tcc70xx-freertos-debug/obj/portASM.o
                0x00000000010d63d0                FreeRTOS_SWI_Handler
                0x00000000010d6470                vPortRestoreTaskContext
                0x00000000010d64d0                FreeRTOS_IRQ_Handler
                0x00000000010d6630                vApplicationIRQHandler
 .text          0x00000000010d6688       0xb8 ./../../../build/tcc70xx/gcc/tcc70xx-freertos-debug/obj/freertos.o
                0x00000000010d6688                FreeRTOS_ARM_ExceptUndefInstrHndlr
                0x00000000010d669c                FreeRTOS_ARM_ExceptSwiHndlr
                0x00000000010d66a0                FreeRTOS_ARM_ExceptPrefetchAbortHndlr
                0x00000000010d66b8                FreeRTOS_ARM_ExceptDataAbortHndlr
                0x00000000010d66e8                FreeRTOS_ARM_ExceptIrqHndlr
                0x00000000010d66ec                FreeRTOS_ARM_ExceptFiqHndlr
                0x00000000010d6704                FreeRTOS_ARM_DRegCntGet
                0x00000000010d670c                CPU_WaitForEvent
                0x00000000010d6718                CPU_DSB
                0x00000000010d6724                CPU_SR_Save
                0x00000000010d6734                CPU_SR_Restore
 .text          0x00000000010d6740       0x18 ./../../../build/tcc70xx/gcc/tcc70xx-freertos-debug/obj/sal.o
                0x00000000010d6740                ARM_ExceptUndefInstrHndlr
                0x00000000010d6744                ARM_ExceptSwiHndlr
                0x00000000010d6748                ARM_ExceptPrefetchAbortHndlr
                0x00000000010d674c                ARM_ExceptDataAbortHndlr
                0x00000000010d6750                ARM_ExceptIrqHndlr
                0x00000000010d6754                ARM_ExceptFiqHndlr
 .text          0x00000000010d6758       0x30 /opt/gcc-linaro-7.2.1-2017.11-x86_64_arm-eabi/arm-eabi/libc/usr/lib/libc.a(lib_a-atoi.o)
                0x00000000010d6758                atoi
                0x00000000010d6770                _atoi_r
 .text          0x00000000010d6788      0x104 /opt/gcc-linaro-7.2.1-2017.11-x86_64_arm-eabi/arm-eabi/libc/usr/lib/libc.a(lib_a-memcmp.o)
                0x00000000010d6788                memcmp
 .text          0x00000000010d688c      0x110 /opt/gcc-linaro-7.2.1-2017.11-x86_64_arm-eabi/arm-eabi/libc/usr/lib/libc.a(lib_a-memcpy-stub.o)
                0x00000000010d688c                memcpy
 .text          0x00000000010d699c      0x140 /opt/gcc-linaro-7.2.1-2017.11-x86_64_arm-eabi/arm-eabi/libc/usr/lib/libc.a(lib_a-memmove.o)
                0x00000000010d699c                memmove
 .text          0x00000000010d6adc      0x114 /opt/gcc-linaro-7.2.1-2017.11-x86_64_arm-eabi/arm-eabi/libc/usr/lib/libc.a(lib_a-memset.o)
                0x00000000010d6adc                memset
 .text          0x00000000010d6bf0      0x188 /opt/gcc-linaro-7.2.1-2017.11-x86_64_arm-eabi/arm-eabi/libc/usr/lib/libc.a(lib_a-snprintf.o)
                0x00000000010d6bf0                _snprintf_r
                0x00000000010d6cac                snprintf
 .text          0x00000000010d6d78       0xd0 /opt/gcc-linaro-7.2.1-2017.11-x86_64_arm-eabi/arm-eabi/libc/usr/lib/libc.a(lib_a-sprintf.o)
                0x00000000010d6d78                _sprintf_r
                0x00000000010d6dd8                sprintf
 .text          0x00000000010d6e48      0x100 /opt/gcc-linaro-7.2.1-2017.11-x86_64_arm-eabi/arm-eabi/libc/usr/lib/libc.a(lib_a-sscanf.o)
                0x00000000010d6e48                sscanf
                0x00000000010d6ec8                _sscanf_r
 .text          0x00000000010d6f48       0xd8 /opt/gcc-linaro-7.2.1-2017.11-x86_64_arm-eabi/arm-eabi/libc/usr/lib/libc.a(lib_a-stdio.o)
                0x00000000010d6f48                __sread
                0x00000000010d6f7c                __seofread
                0x00000000010d6f84                __swrite
                0x00000000010d6fdc                __sseek
                0x00000000010d700c                __sclose
 .text          0x00000000010d7020      0x224 /opt/gcc-linaro-7.2.1-2017.11-x86_64_arm-eabi/arm-eabi/libc/usr/lib/libc.a(lib_a-strcmp.o)
                0x00000000010d7020                strcmp
 .text          0x00000000010d7244       0xf0 /opt/gcc-linaro-7.2.1-2017.11-x86_64_arm-eabi/arm-eabi/libc/usr/lib/libc.a(lib_a-strcpy.o)
                0x00000000010d7244                strcpy
 .text          0x00000000010d7334       0x60 /opt/gcc-linaro-7.2.1-2017.11-x86_64_arm-eabi/arm-eabi/libc/usr/lib/libc.a(lib_a-strlen-stub.o)
                0x00000000010d7334                strlen
 .text          0x00000000010d7394      0x100 /opt/gcc-linaro-7.2.1-2017.11-x86_64_arm-eabi/arm-eabi/libc/usr/lib/libc.a(lib_a-strncmp.o)
                0x00000000010d7394                strncmp
 .text          0x00000000010d7494       0xe0 /opt/gcc-linaro-7.2.1-2017.11-x86_64_arm-eabi/arm-eabi/libc/usr/lib/libc.a(lib_a-strncpy.o)
                0x00000000010d7494                strncpy
 .text          0x00000000010d7574       0x5c /opt/gcc-linaro-7.2.1-2017.11-x86_64_arm-eabi/arm-eabi/libc/usr/lib/libc.a(lib_a-strnlen.o)
                0x00000000010d7574                strnlen
 .text          0x00000000010d75d0      0x27c /opt/gcc-linaro-7.2.1-2017.11-x86_64_arm-eabi/arm-eabi/libc/usr/lib/libc.a(lib_a-strtol.o)
                0x00000000010d778c                _strtol_r
                0x00000000010d77c8                strtol_l
                0x00000000010d7800                strtol
 .text          0x00000000010d784c      0x28c /opt/gcc-linaro-7.2.1-2017.11-x86_64_arm-eabi/arm-eabi/libc/usr/lib/libc.a(lib_a-strtoul.o)
                0x00000000010d7a18                _strtoul_r
                0x00000000010d7a54                strtoul_l
                0x00000000010d7a8c                strtoul
 .text          0x00000000010d7ad8     0xb4c8 /opt/gcc-linaro-7.2.1-2017.11-x86_64_arm-eabi/arm-eabi/libc/usr/lib/libc.a(lib_a-svfprintf.o)
                0x00000000010deddc                _svfprintf_r
 .text          0x00000000010e2fa0     0x2818 /opt/gcc-linaro-7.2.1-2017.11-x86_64_arm-eabi/arm-eabi/libc/usr/lib/libc.a(lib_a-svfscanf.o)
                0x00000000010e2fa0                __ssvfscanf_r
 .text          0x00000000010e57b8      0x134 /opt/gcc-linaro-7.2.1-2017.11-x86_64_arm-eabi/arm-eabi/libc/usr/lib/libc.a(lib_a-wcrtomb.o)
                0x00000000010e57b8                _wcrtomb_r
                0x00000000010e5850                wcrtomb
 .text          0x00000000010e58ec       0x5c /opt/gcc-linaro-7.2.1-2017.11-x86_64_arm-eabi/arm-eabi/libc/usr/lib/libc.a(lib_a-wcsrtombs.o)
                0x00000000010e58ec                _wcsrtombs_r
                0x00000000010e5910                wcsrtombs
 .text          0x00000000010e5948       0x48 /opt/gcc-linaro-7.2.1-2017.11-x86_64_arm-eabi/arm-eabi/libc/usr/lib/libc.a(lib_a-writer.o)
                0x00000000010e5948                _write_r
 .text          0x00000000010e5990       0x3c /opt/gcc-linaro-7.2.1-2017.11-x86_64_arm-eabi/arm-eabi/libc/usr/lib/libc.a(lib_a-closer.o)
                0x00000000010e5990                _close_r
 *fill*         0x00000000010e59cc        0x4 
 .text          0x00000000010e59d0     0x17dc /opt/gcc-linaro-7.2.1-2017.11-x86_64_arm-eabi/arm-eabi/libc/usr/lib/libc.a(lib_a-dtoa.o)
                0x00000000010e5bb8                _dtoa_r
 .text          0x00000000010e71ac      0x3dc /opt/gcc-linaro-7.2.1-2017.11-x86_64_arm-eabi/arm-eabi/libc/usr/lib/libc.a(lib_a-freer.o)
                0x00000000010e71ac                _malloc_trim_r
                0x00000000010e72ac                _free_r
 .text          0x00000000010e7588        0x0 /opt/gcc-linaro-7.2.1-2017.11-x86_64_arm-eabi/arm-eabi/libc/usr/lib/libc.a(lib_a-impure.o)
 .text          0x00000000010e7588       0x78 /opt/gcc-linaro-7.2.1-2017.11-x86_64_arm-eabi/arm-eabi/libc/usr/lib/libc.a(lib_a-iswspace.o)
                0x00000000010e7588                iswspace
 .text          0x00000000010e7600      0x2c8 /opt/gcc-linaro-7.2.1-2017.11-x86_64_arm-eabi/arm-eabi/libc/usr/lib/libc.a(lib_a-jp2uc.o)
                0x00000000010e77f4                _jp2uc
 .text          0x00000000010e78c8      0xd0c /opt/gcc-linaro-7.2.1-2017.11-x86_64_arm-eabi/arm-eabi/libc/usr/lib/libc.a(lib_a-locale.o)
                0x00000000010e795c                __loadlocale
                0x00000000010e8194                __get_locale_env
                0x00000000010e8228                _setlocale_r
                0x00000000010e8564                __locale_mb_cur_max
                0x00000000010e858c                __locale_ctype_ptr_l
                0x00000000010e8594                __locale_ctype_ptr
                0x00000000010e85bc                setlocale
 .text          0x00000000010e85d4       0x58 /opt/gcc-linaro-7.2.1-2017.11-x86_64_arm-eabi/arm-eabi/libc/usr/lib/libc.a(lib_a-localeconv.o)
                0x00000000010e85d4                __localeconv_l
                0x00000000010e85dc                _localeconv_r
                0x00000000010e8604                localeconv
 .text          0x00000000010e862c       0x48 /opt/gcc-linaro-7.2.1-2017.11-x86_64_arm-eabi/arm-eabi/libc/usr/lib/libc.a(lib_a-lseekr.o)
                0x00000000010e862c                _lseek_r
 .text          0x00000000010e8674      0x760 /opt/gcc-linaro-7.2.1-2017.11-x86_64_arm-eabi/arm-eabi/libc/usr/lib/libc.a(lib_a-mallocr.o)
                0x00000000010e8674                _malloc_r
 .text          0x00000000010e8dd4      0x14c /opt/gcc-linaro-7.2.1-2017.11-x86_64_arm-eabi/arm-eabi/libc/usr/lib/libc.a(lib_a-mbrtowc.o)
                0x00000000010e8dd4                _mbrtowc_r
                0x00000000010e8e7c                mbrtowc
 .text          0x00000000010e8f20      0x744 /opt/gcc-linaro-7.2.1-2017.11-x86_64_arm-eabi/arm-eabi/libc/usr/lib/libc.a(lib_a-mbtowc_r.o)
                0x00000000010e8f20                _mbtowc_r
                0x00000000010e8f54                __ascii_mbtowc
                0x00000000010e8f98                __utf8_mbtowc
                0x00000000010e92a0                __sjis_mbtowc
                0x00000000010e9374                __eucjp_mbtowc
                0x00000000010e94ac                __jis_mbtowc
 .text          0x00000000010e9664      0x110 /opt/gcc-linaro-7.2.1-2017.11-x86_64_arm-eabi/arm-eabi/libc/usr/lib/libc.a(lib_a-memchr-stub.o)
                0x00000000010e9664                memchr
 .text          0x00000000010e9774        0x8 /opt/gcc-linaro-7.2.1-2017.11-x86_64_arm-eabi/arm-eabi/libc/usr/lib/libc.a(lib_a-mlock.o)
                0x00000000010e9774                __malloc_lock
                0x00000000010e9778                __malloc_unlock
 .text          0x00000000010e977c      0xdb8 /opt/gcc-linaro-7.2.1-2017.11-x86_64_arm-eabi/arm-eabi/libc/usr/lib/libc.a(lib_a-mprec.o)
                0x00000000010e977c                _Balloc
                0x00000000010e9808                _Bfree
                0x00000000010e9824                __multadd
                0x00000000010e9900                __s2b
                0x00000000010e99e4                __hi0bits
                0x00000000010e9a3c                __lo0bits
                0x00000000010e9adc                __i2b
                0x00000000010e9b00                __multiply
                0x00000000010e9d00                __pow5mult
                0x00000000010e9e04                __lshift
                0x00000000010e9ef8                __mcmp
                0x00000000010e9f58                __mdiff
                0x00000000010ea0e0                __ulp
                0x00000000010ea148                __b2d
                0x00000000010ea228                __d2b
                0x00000000010ea340                __ratio
                0x00000000010ea3d0                _mprec_log10
                0x00000000010ea430                __copybits
                0x00000000010ea4bc                __any_on
 .text          0x00000000010ea534       0x48 /opt/gcc-linaro-7.2.1-2017.11-x86_64_arm-eabi/arm-eabi/libc/usr/lib/libc.a(lib_a-readr.o)
                0x00000000010ea534                _read_r
 .text          0x00000000010ea57c      0x124 /opt/gcc-linaro-7.2.1-2017.11-x86_64_arm-eabi/arm-eabi/libc/usr/lib/libc.a(lib_a-reent.o)
                0x00000000010ea57c                cleanup_glue
                0x00000000010ea5b0                _reclaim_reent
 .text          0x00000000010ea6a0       0x98 /opt/gcc-linaro-7.2.1-2017.11-x86_64_arm-eabi/arm-eabi/libc/usr/lib/libc.a(lib_a-s_frexp.o)
                0x00000000010ea6a0                frexp
 .text          0x00000000010ea738       0x3c /opt/gcc-linaro-7.2.1-2017.11-x86_64_arm-eabi/arm-eabi/libc/usr/lib/libc.a(lib_a-sbrkr.o)
                0x00000000010ea738                _sbrk_r
 .text          0x00000000010ea774       0xcc /opt/gcc-linaro-7.2.1-2017.11-x86_64_arm-eabi/arm-eabi/libc/usr/lib/libc.a(lib_a-sccl.o)
                0x00000000010ea774                __sccl
 .text          0x00000000010ea840        0xc /opt/gcc-linaro-7.2.1-2017.11-x86_64_arm-eabi/arm-eabi/libc/usr/lib/libc.a(lib_a-sf_nan.o)
                0x00000000010ea840                nanf
 .text          0x00000000010ea84c      0x104 /opt/gcc-linaro-7.2.1-2017.11-x86_64_arm-eabi/arm-eabi/libc/usr/lib/libc.a(lib_a-stpncpy.o)
                0x00000000010ea84c                stpncpy
 .text          0x00000000010ea950       0x70 /opt/gcc-linaro-7.2.1-2017.11-x86_64_arm-eabi/arm-eabi/libc/usr/lib/libc.a(lib_a-strcasecmp.o)
                0x00000000010ea950                strcasecmp
 .text          0x00000000010ea9c0       0x74 /opt/gcc-linaro-7.2.1-2017.11-x86_64_arm-eabi/arm-eabi/libc/usr/lib/libc.a(lib_a-strcat.o)
                0x00000000010ea9c0                strcat
 .text          0x00000000010eaa34      0x184 /opt/gcc-linaro-7.2.1-2017.11-x86_64_arm-eabi/arm-eabi/libc/usr/lib/libc.a(lib_a-strchr.o)
                0x00000000010eaa34                strchr
 .text          0x00000000010eabb8       0x54 /opt/gcc-linaro-7.2.1-2017.11-x86_64_arm-eabi/arm-eabi/libc/usr/lib/libc.a(lib_a-strlcpy.o)
                0x00000000010eabb8                strlcpy
 .text          0x00000000010eac0c       0x94 /opt/gcc-linaro-7.2.1-2017.11-x86_64_arm-eabi/arm-eabi/libc/usr/lib/libc.a(lib_a-strncasecmp.o)
                0x00000000010eac0c                strncasecmp
 .text          0x00000000010eaca0     0x18a4 /opt/gcc-linaro-7.2.1-2017.11-x86_64_arm-eabi/arm-eabi/libc/usr/lib/libc.a(lib_a-strtod.o)
                0x00000000010eaca0                _strtod_l
                0x00000000010ec2e0                _strtod_r
                0x00000000010ec304                strtod_l
                0x00000000010ec320                strtod
                0x00000000010ec358                strtof_l
                0x00000000010ec444                strtof
 .text          0x00000000010ec544      0x354 /opt/gcc-linaro-7.2.1-2017.11-x86_64_arm-eabi/arm-eabi/libc/usr/lib/libc.a(lib_a-strtoll.o)
                0x00000000010ec7d8                _strtoll_r
                0x00000000010ec814                strtoll_l
                0x00000000010ec84c                strtoll
 .text          0x00000000010ec898      0x338 /opt/gcc-linaro-7.2.1-2017.11-x86_64_arm-eabi/arm-eabi/libc/usr/lib/libc.a(lib_a-strtoull.o)
                0x00000000010ecb10                _strtoull_r
                0x00000000010ecb4c                strtoull_l
                0x00000000010ecb84                strtoull
 .text          0x00000000010ecbd0     0x9c7c /opt/gcc-linaro-7.2.1-2017.11-x86_64_arm-eabi/arm-eabi/libc/usr/lib/libc.a(lib_a-svfiprintf.o)
                0x00000000010f3ca4                __ssprint_r
                0x00000000010f3e34                _svfiprintf_r
 .text          0x00000000010f684c     0x20e8 /opt/gcc-linaro-7.2.1-2017.11-x86_64_arm-eabi/arm-eabi/libc/usr/lib/libc.a(lib_a-svfiscanf.o)
                0x00000000010f684c                _sungetc_r
                0x00000000010f6930                __ssrefill_r
                0x00000000010f699c                _sfread_r
                0x00000000010f6a6c                __ssvfiscanf_r
 .text          0x00000000010f8934      0xa0c /opt/gcc-linaro-7.2.1-2017.11-x86_64_arm-eabi/arm-eabi/libc/usr/lib/libc.a(lib_a-syscalls.o)
                0x00000000010f89ec                initialise_monitor_handles
                0x00000000010f8a9c                _swiread
                0x00000000010f8ae0                _read
                0x00000000010f8ba8                _swilseek
                0x00000000010f8ca4                _lseek
                0x00000000010f8cc4                _swiwrite
                0x00000000010f8d08                _write
                0x00000000010f8dd4                _swiopen
                0x00000000010f8ed8                _open
                0x00000000010f8f0c                _swiclose
                0x00000000010f8f80                _close
                0x00000000010f8fa0                _kill
                0x00000000010f8fd8                _exit
                0x00000000010f9000                _getpid
                0x00000000010f9008                _sbrk
                0x00000000010f9068                _fstat
                0x00000000010f909c                _stat
                0x00000000010f9108                _link
                0x00000000010f9110                _unlink
                0x00000000010f9168                _raise
                0x00000000010f916c                _gettimeofday
                0x00000000010f91b4                _times
                0x00000000010f91f0                _isatty
                0x00000000010f9240                _system
                0x00000000010f92d4                _rename
 .text          0x00000000010f9340      0x23c /opt/gcc-linaro-7.2.1-2017.11-x86_64_arm-eabi/arm-eabi/libc/usr/lib/libc.a(lib_a-ungetc.o)
                0x00000000010f9340                __submore
                0x00000000010f93f0                _ungetc_r
                0x00000000010f9564                ungetc
 .text          0x00000000010f957c      0x21c /opt/gcc-linaro-7.2.1-2017.11-x86_64_arm-eabi/arm-eabi/libc/usr/lib/libc.a(lib_a-wcsnrtombs.o)
                0x00000000010f957c                _wcsnrtombs_l
                0x00000000010f96f8                _wcsnrtombs_r
                0x00000000010f9740                wcsnrtombs
 .text          0x00000000010f9798      0x35c /opt/gcc-linaro-7.2.1-2017.11-x86_64_arm-eabi/arm-eabi/libc/usr/lib/libc.a(lib_a-wctomb_r.o)
                0x00000000010f9798                _wctomb_r
                0x00000000010f97cc                __ascii_wctomb
                0x00000000010f97f4                __utf8_wctomb
                0x00000000010f98e0                __sjis_wctomb
                0x00000000010f9968                __eucjp_wctomb
                0x00000000010f9a18                __jis_wctomb
 .text          0x00000000010f9af4       0x98 /opt/gcc-linaro-7.2.1-2017.11-x86_64_arm-eabi/arm-eabi/libc/usr/lib/libc.a(lib_a-callocr.o)
                0x00000000010f9af4                _calloc_r
 .text          0x00000000010f9b8c       0x10 /opt/gcc-linaro-7.2.1-2017.11-x86_64_arm-eabi/arm-eabi/libc/usr/lib/libc.a(lib_a-ctype_.o)
                0x00000000010f9b8c                __set_ctype
 .text          0x00000000010f9b9c       0x10 /opt/gcc-linaro-7.2.1-2017.11-x86_64_arm-eabi/arm-eabi/libc/usr/lib/libc.a(lib_a-errno.o)
                0x00000000010f9b9c                __errno
 .text          0x00000000010f9bac      0x2dc /opt/gcc-linaro-7.2.1-2017.11-x86_64_arm-eabi/arm-eabi/libc/usr/lib/libc.a(lib_a-fflush.o)
                0x00000000010f9bac                __sflush_r
                0x00000000010f9df4                _fflush_r
                0x00000000010f9e50                fflush
 .text          0x00000000010f9e88      0x340 /opt/gcc-linaro-7.2.1-2017.11-x86_64_arm-eabi/arm-eabi/libc/usr/lib/libc.a(lib_a-findfp.o)
                0x00000000010f9e90                _cleanup_r
                0x00000000010f9ff8                __sfmoreglue
                0x00000000010fa048                __sfp
                0x00000000010fa13c                _cleanup
                0x00000000010fa160                __sinit
                0x00000000010fa170                __sfp_lock_acquire
                0x00000000010fa174                __sfp_lock_release
                0x00000000010fa178                __sinit_lock_acquire
                0x00000000010fa17c                __sinit_lock_release
                0x00000000010fa180                __fp_lock_all
                0x00000000010fa1a4                __fp_unlock_all
 .text          0x00000000010fa1c8       0xf8 /opt/gcc-linaro-7.2.1-2017.11-x86_64_arm-eabi/arm-eabi/libc/usr/lib/libc.a(lib_a-fwalk.o)
                0x00000000010fa1c8                _fwalk
                0x00000000010fa240                _fwalk_reent
 .text          0x00000000010fa2c0      0x90c /opt/gcc-linaro-7.2.1-2017.11-x86_64_arm-eabi/arm-eabi/libc/usr/lib/libc.a(lib_a-gdtoa-gethex.o)
                0x00000000010fa3cc                __gethex
 .text          0x00000000010fabcc      0x2c8 /opt/gcc-linaro-7.2.1-2017.11-x86_64_arm-eabi/arm-eabi/libc/usr/lib/libc.a(lib_a-gdtoa-hexnan.o)
                0x00000000010fabcc                __match
                0x00000000010fac34                __hexnan
 .text          0x00000000010fae94       0xec /opt/gcc-linaro-7.2.1-2017.11-x86_64_arm-eabi/arm-eabi/libc/usr/lib/libc.a(lib_a-getenv_r.o)
                0x00000000010fae94                _findenv_r
                0x00000000010faf64                _getenv_r
 .text          0x00000000010faf80      0x4dc /opt/gcc-linaro-7.2.1-2017.11-x86_64_arm-eabi/arm-eabi/libc/usr/lib/libc.a(lib_a-reallocr.o)
                0x00000000010faf80                _realloc_r
 .text          0x00000000010fb45c        0x0 /opt/gcc-linaro-7.2.1-2017.11-x86_64_arm-eabi/arm-eabi/libc/usr/lib/libc.a(lib_a-environ.o)
 .text          0x00000000010fb45c        0x8 /opt/gcc-linaro-7.2.1-2017.11-x86_64_arm-eabi/arm-eabi/libc/usr/lib/libc.a(lib_a-envlock.o)
                0x00000000010fb45c                __env_lock
                0x00000000010fb460                __env_unlock
 .text          0x00000000010fb464      0x114 /opt/gcc-linaro-7.2.1-2017.11-x86_64_arm-eabi/arm-eabi/libc/usr/lib/libc.a(lib_a-fclose.o)
                0x00000000010fb464                _fclose_r
                0x00000000010fb564                fclose
 .text          0x00000000010fb578        0x8 /opt/gcc-linaro-7.2.1-2017.11-x86_64_arm-eabi/arm-eabi/libc/usr/lib/libm.a(lib_a-sf_fabs.o)
                0x00000000010fb578                fabsf
 .text          0x00000000010fb580      0x114 /opt/gcc-linaro-7.2.1-2017.11-x86_64_arm-eabi/arm-eabi/libc/usr/lib/libgcc.a(_udivsi3.o)
                0x00000000010fb580                __udivsi3
                0x00000000010fb580                __aeabi_uidiv
                0x00000000010fb674                __aeabi_uidivmod
 .text          0x00000000010fb694        0x4 /opt/gcc-linaro-7.2.1-2017.11-x86_64_arm-eabi/arm-eabi/libc/usr/lib/libgcc.a(_dvmd_tls.o)
                0x00000000010fb694                __aeabi_ldiv0
                0x00000000010fb694                __aeabi_idiv0
 .text          0x00000000010fb698      0x424 /opt/gcc-linaro-7.2.1-2017.11-x86_64_arm-eabi/arm-eabi/libc/usr/lib/libgcc.a(_arm_addsubdf3.o)
                0x00000000010fb698                __aeabi_drsub
                0x00000000010fb6a0                __aeabi_dsub
                0x00000000010fb6a0                __subdf3
                0x00000000010fb6a4                __adddf3
                0x00000000010fb6a4                __aeabi_dadd
                0x00000000010fb9b4                __aeabi_ui2d
                0x00000000010fb9b4                __floatunsidf
                0x00000000010fb9d8                __floatsidf
                0x00000000010fb9d8                __aeabi_i2d
                0x00000000010fba00                __extendsfdf2
                0x00000000010fba00                __aeabi_f2d
                0x00000000010fba48                __aeabi_ul2d
                0x00000000010fba48                __floatundidf
                0x00000000010fba5c                __floatdidf
                0x00000000010fba5c                __aeabi_l2d
 .text          0x00000000010fbabc      0x49c /opt/gcc-linaro-7.2.1-2017.11-x86_64_arm-eabi/arm-eabi/libc/usr/lib/libgcc.a(_arm_muldivdf3.o)
                0x00000000010fbabc                __aeabi_dmul
                0x00000000010fbabc                __muldf3
                0x00000000010fbd4c                __aeabi_ddiv
                0x00000000010fbd4c                __divdf3
 .text          0x00000000010fbf58      0x144 /opt/gcc-linaro-7.2.1-2017.11-x86_64_arm-eabi/arm-eabi/libc/usr/lib/libgcc.a(_arm_cmpdf2.o)
                0x00000000010fbf58                __gtdf2
                0x00000000010fbf58                __gedf2
                0x00000000010fbf60                __ltdf2
                0x00000000010fbf60                __ledf2
                0x00000000010fbf68                __cmpdf2
                0x00000000010fbf68                __eqdf2
                0x00000000010fbf68                __nedf2
                0x00000000010fbff0                __aeabi_cdrcmple
                0x00000000010fc00c                __aeabi_cdcmple
                0x00000000010fc00c                __aeabi_cdcmpeq
                0x00000000010fc024                __aeabi_dcmpeq
                0x00000000010fc03c                __aeabi_dcmplt
                0x00000000010fc054                __aeabi_dcmple
                0x00000000010fc06c                __aeabi_dcmpge
                0x00000000010fc084                __aeabi_dcmpgt
 .text          0x00000000010fc09c       0x38 /opt/gcc-linaro-7.2.1-2017.11-x86_64_arm-eabi/arm-eabi/libc/usr/lib/libgcc.a(_arm_unorddf2.o)
                0x00000000010fc09c                __aeabi_dcmpun
                0x00000000010fc09c                __unorddf2
 .text          0x00000000010fc0d4       0x5c /opt/gcc-linaro-7.2.1-2017.11-x86_64_arm-eabi/arm-eabi/libc/usr/lib/libgcc.a(_arm_fixdfsi.o)
                0x00000000010fc0d4                __fixdfsi
                0x00000000010fc0d4                __aeabi_d2iz
 .text          0x00000000010fc130       0x54 /opt/gcc-linaro-7.2.1-2017.11-x86_64_arm-eabi/arm-eabi/libc/usr/lib/libgcc.a(_arm_fixunsdfsi.o)
                0x00000000010fc130                __fixunsdfsi
                0x00000000010fc130                __aeabi_d2uiz
 .text          0x00000000010fc184       0xa0 /opt/gcc-linaro-7.2.1-2017.11-x86_64_arm-eabi/arm-eabi/libc/usr/lib/libgcc.a(_arm_truncdfsf2.o)
                0x00000000010fc184                __aeabi_d2f
                0x00000000010fc184                __truncdfsf2
 .text          0x00000000010fc224      0x114 /opt/gcc-linaro-7.2.1-2017.11-x86_64_arm-eabi/arm-eabi/libc/usr/lib/libgcc.a(_arm_cmpsf2.o)
                0x00000000010fc224                __gtsf2
                0x00000000010fc224                __gesf2
                0x00000000010fc22c                __lesf2
                0x00000000010fc22c                __ltsf2
                0x00000000010fc234                __nesf2
                0x00000000010fc234                __eqsf2
                0x00000000010fc234                __cmpsf2
                0x00000000010fc298                __aeabi_cfrcmple
                0x00000000010fc2a8                __aeabi_cfcmple
                0x00000000010fc2a8                __aeabi_cfcmpeq